Archive member included to satisfy reference by file (symbol)

/opt/gcc-arm/bin/../lib/gcc/arm-none-eabi/12.3.1/../../../../arm-none-eabi/lib/thumb/v7-m/nofp/libc.a(libc_a-memcpy.o)
                              rtos/queue.o (memcpy)
/home/hakan/stm32f103c8t6/beginning-STM32-second-edition//rtos/libwwg/libwwg.a(uartlib.o)
                              main.o (open_uart)
/home/hakan/stm32f103c8t6/beginning-STM32-second-edition//rtos/libwwg/libwwg.a(miniprintf.o)
                              /home/hakan/stm32f103c8t6/beginning-STM32-second-edition//rtos/libwwg/libwwg.a(uartlib.o) (mini_vprintf_cooked)
/home/hakan/stm32f103c8t6/beginning-STM32-second-edition//rtos/libwwg/libwwg.a(mcuio.o)
                              main.o (std_printf)
/home/hakan/stm32f103c8t6/beginning-STM32-second-edition//rtos/libwwg/libwwg.a(getline.o)
                              /home/hakan/stm32f103c8t6/beginning-STM32-second-edition//rtos/libwwg/libwwg.a(uartlib.o) (getline)
/home/hakan/stm32f103c8t6/beginning-STM32-second-edition//rtos/libwwg/libwwg.a(usbcdc.o)
                              /home/hakan/stm32f103c8t6/beginning-STM32-second-edition//rtos/libwwg/libwwg.a(mcuio.o) (usb_putc)
/home/hakan/stm32f103c8t6/beginning-STM32-second-edition/libopencm3/lib/libopencm3_stm32f1.a(gpio.o)
                              main.o (gpio_set_mode)
/home/hakan/stm32f103c8t6/beginning-STM32-second-edition/libopencm3/lib/libopencm3_stm32f1.a(gpio_common_all.o)
                              main.o (gpio_clear)
/home/hakan/stm32f103c8t6/beginning-STM32-second-edition/libopencm3/lib/libopencm3_stm32f1.a(rcc.o)
                              main.o (rcc_enable_rtc_clock)
/home/hakan/stm32f103c8t6/beginning-STM32-second-edition/libopencm3/lib/libopencm3_stm32f1.a(rcc_common_all.o)
                              main.o (rcc_periph_clock_enable)
/home/hakan/stm32f103c8t6/beginning-STM32-second-edition/libopencm3/lib/libopencm3_stm32f1.a(rtc.o)
                              main.o (rtc_awake_from_off)
/home/hakan/stm32f103c8t6/beginning-STM32-second-edition/libopencm3/lib/libopencm3_stm32f1.a(usart_common_all.o)
                              /home/hakan/stm32f103c8t6/beginning-STM32-second-edition//rtos/libwwg/libwwg.a(uartlib.o) (usart_set_baudrate)
/home/hakan/stm32f103c8t6/beginning-STM32-second-edition/libopencm3/lib/libopencm3_stm32f1.a(usart_common_f124.o)
                              /home/hakan/stm32f103c8t6/beginning-STM32-second-edition/libopencm3/lib/libopencm3_stm32f1.a(usart_common_all.o) (usart_send)
/home/hakan/stm32f103c8t6/beginning-STM32-second-edition/libopencm3/lib/libopencm3_stm32f1.a(usb.o)
                              /home/hakan/stm32f103c8t6/beginning-STM32-second-edition//rtos/libwwg/libwwg.a(usbcdc.o) (usbd_init)
/home/hakan/stm32f103c8t6/beginning-STM32-second-edition/libopencm3/lib/libopencm3_stm32f1.a(usb_control.o)
                              /home/hakan/stm32f103c8t6/beginning-STM32-second-edition//rtos/libwwg/libwwg.a(usbcdc.o) (usbd_register_control_callback)
/home/hakan/stm32f103c8t6/beginning-STM32-second-edition/libopencm3/lib/libopencm3_stm32f1.a(usb_standard.o)
                              /home/hakan/stm32f103c8t6/beginning-STM32-second-edition//rtos/libwwg/libwwg.a(usbcdc.o) (usbd_register_set_config_callback)
/home/hakan/stm32f103c8t6/beginning-STM32-second-edition/libopencm3/lib/libopencm3_stm32f1.a(st_usbfs_v1.o)
                              /home/hakan/stm32f103c8t6/beginning-STM32-second-edition//rtos/libwwg/libwwg.a(usbcdc.o) (st_usbfs_v1_usb_driver)
/home/hakan/stm32f103c8t6/beginning-STM32-second-edition/libopencm3/lib/libopencm3_stm32f1.a(vector.o)
                              (reset_handler)
/home/hakan/stm32f103c8t6/beginning-STM32-second-edition/libopencm3/lib/libopencm3_stm32f1.a(nvic.o)
                              main.o (nvic_enable_irq)
/home/hakan/stm32f103c8t6/beginning-STM32-second-edition/libopencm3/lib/libopencm3_stm32f1.a(assert.o)
                              /home/hakan/stm32f103c8t6/beginning-STM32-second-edition/libopencm3/lib/libopencm3_stm32f1.a(rcc.o) (cm3_assert_failed)
/home/hakan/stm32f103c8t6/beginning-STM32-second-edition/libopencm3/lib/libopencm3_stm32f1.a(flash_common_all.o)
                              /home/hakan/stm32f103c8t6/beginning-STM32-second-edition/libopencm3/lib/libopencm3_stm32f1.a(rcc.o) (flash_set_ws)
/home/hakan/stm32f103c8t6/beginning-STM32-second-edition/libopencm3/lib/libopencm3_stm32f1.a(pwr_common_v1.o)
                              /home/hakan/stm32f103c8t6/beginning-STM32-second-edition/libopencm3/lib/libopencm3_stm32f1.a(rtc.o) (pwr_disable_backup_domain_write_protect)
/home/hakan/stm32f103c8t6/beginning-STM32-second-edition/libopencm3/lib/libopencm3_stm32f1.a(st_usbfs_core.o)
                              /home/hakan/stm32f103c8t6/beginning-STM32-second-edition/libopencm3/lib/libopencm3_stm32f1.a(st_usbfs_v1.o) (st_usbfs_set_address)
[...]
Memory Configuration

Name             Origin             Length             Attributes
rom              0x08000000         0x00010000         xr
ram              0x20000000         0x00005000         xrw
*default*        0x00000000         0xffffffff

Linker script and memory map

LOAD main.o
LOAD rtos/heap_4.o
LOAD rtos/list.o
LOAD rtos/port.o
LOAD rtos/queue.o
LOAD rtos/tasks.o
LOAD rtos/opencm3.o
START GROUP
LOAD /opt/gcc-arm/bin/../lib/gcc/arm-none-eabi/12.3.1/../../../../arm-none-eabi/lib/thumb/v7-m/nofp/libc.a
LOAD /opt/gcc-arm/bin/../lib/gcc/arm-none-eabi/12.3.1/thumb/v7-m/nofp/libgcc.a
LOAD /opt/gcc-arm/bin/../lib/gcc/arm-none-eabi/12.3.1/../../../../arm-none-eabi/lib/thumb/v7-m/nofp/libnosys.a
END GROUP
LOAD /home/hakan/stm32f103c8t6/beginning-STM32-second-edition//rtos/libwwg/libwwg.a
LOAD /home/hakan/stm32f103c8t6/beginning-STM32-second-edition/libopencm3/lib/libopencm3_stm32f1.a
START GROUP
LOAD /opt/gcc-arm/bin/../lib/gcc/arm-none-eabi/12.3.1/thumb/v7-m/nofp/libgcc.a
LOAD /opt/gcc-arm/bin/../lib/gcc/arm-none-eabi/12.3.1/../../../../arm-none-eabi/lib/thumb/v7-m/nofp/libc.a
END GROUP
START GROUP
LOAD /opt/gcc-arm/bin/../lib/gcc/arm-none-eabi/12.3.1/thumb/v7-m/nofp/libgcc.a
LOAD /opt/gcc-arm/bin/../lib/gcc/arm-none-eabi/12.3.1/../../../../arm-none-eabi/lib/thumb/v7-m/nofp/libc.a
LOAD /opt/gcc-arm/bin/../lib/gcc/arm-none-eabi/12.3.1/../../../../arm-none-eabi/lib/thumb/v7-m/nofp/libnosys.a
END GROUP

.text           0x08000000     0x334c
 *(.vectors)
 .vectors       0x08000000      0x150 /home/hakan/stm32f103c8t6/beginning-STM32-second-edition/libopencm3/lib/libopencm3_stm32f1.a(vector.o)
                0x08000000                vector_table
 *(.text*)
 .text.mutex_lock
                0x08000150       0x14 main.o
 .text.mutex_unlock
                0x08000164       0x14 main.o
 .text.task3    0x08000178       0x44 main.o
 .text.task2    0x080001bc       0x78 main.o
 .text.task1    0x08000234      0x12c main.o
 .text.rtc_isr  0x08000360      0x108 main.o
                0x08000360                rtc_isr
 .text.startup.main
                0x08000468      0x100 main.o
                0x08000468                main
 .text.prvInsertBlockIntoFreeList
                0x08000568       0x50 rtos/heap_4.o
 .text.pvPortMalloc
                0x080005b8       0xf4 rtos/heap_4.o
                0x080005b8                pvPortMalloc
 .text.vPortFree
                0x080006ac       0x4c rtos/heap_4.o
                0x080006ac                vPortFree
 .text.vListInitialise
                0x080006f8       0x16 rtos/list.o
                0x080006f8                vListInitialise
 .text.vListInitialiseItem
                0x0800070e        0x6 rtos/list.o
                0x0800070e                vListInitialiseItem
 .text.vListInsertEnd
                0x08000714       0x16 rtos/list.o
                0x08000714                vListInsertEnd
 .text.vListInsert
                0x0800072a       0x2e rtos/list.o
                0x0800072a                vListInsert
 .text.uxListRemove
                0x08000758       0x1e rtos/list.o
                0x08000758                uxListRemove
 .text.prvTaskExitError
                0x08000776       0x12 rtos/port.o
 .text.prvPortStartFirstTask
                0x08000788       0x20 rtos/port.o
 .text.pxPortInitialiseStack
                0x080007a8       0x24 rtos/port.o
                0x080007a8                pxPortInitialiseStack
 *fill*         0x080007cc        0x4 
 .text.vPortSVCHandler
                0x080007d0       0x24 rtos/port.o
                0x080007d0                vPortSVCHandler
 .text.vPortEnterCritical
                0x080007f4       0x20 rtos/port.o
                0x080007f4                vPortEnterCritical
 .text.vPortExitCritical
                0x08000814       0x14 rtos/port.o
                0x08000814                vPortExitCritical
 *fill*         0x08000828        0x8 
 .text.xPortPendSVHandler
                0x08000830       0x44 rtos/port.o
                0x08000830                xPortPendSVHandler
 .text.xPortSysTickHandler
                0x08000874       0x2c rtos/port.o
                0x08000874                xPortSysTickHandler
 .text.vPortSetupTimerInterrupt
                0x080008a0       0x10 rtos/port.o
                0x080008a0                vPortSetupTimerInterrupt
 .text.xPortStartScheduler
                0x080008b0       0x34 rtos/port.o
                0x080008b0                xPortStartScheduler
 .text.prvCopyDataToQueue
                0x080008e4       0x66 rtos/queue.o
 .text.prvCopyDataFromQueue
                0x0800094a       0x28 rtos/queue.o
 .text.prvUnlockQueue
                0x08000972       0x70 rtos/queue.o
 .text.xQueueGenericReset
                0x080009e2       0x6a rtos/queue.o
                0x080009e2                xQueueGenericReset
 .text.xQueueGenericCreate
                0x08000a4c       0x2e rtos/queue.o
                0x08000a4c                xQueueGenericCreate
 .text.xQueueGenericSend
                0x08000a7a      0x114 rtos/queue.o
                0x08000a7a                xQueueGenericSend
 .text.xQueueCreateMutex
                0x08000b8e       0x24 rtos/queue.o
                0x08000b8e                xQueueCreateMutex
 .text.xQueueGenericReceive
                0x08000bb2      0x140 rtos/queue.o
                0x08000bb2                xQueueGenericReceive
 .text.prvIdleTask
                0x08000cf2        0x2 rtos/tasks.o
 .text.prvAddCurrentTaskToDelayedList
                0x08000cf4       0x88 rtos/tasks.o
 .text.prvResetNextTaskUnblockTime
                0x08000d7c       0x24 rtos/tasks.o
 .text.xTaskCreate
                0x08000da0      0x198 rtos/tasks.o
                0x08000da0                xTaskCreate
 .text.vTaskStartScheduler
                0x08000f38       0x60 rtos/tasks.o
                0x08000f38                vTaskStartScheduler
 .text.vTaskSuspendAll
                0x08000f98       0x10 rtos/tasks.o
                0x08000f98                vTaskSuspendAll
 .text.xTaskGetTickCount
                0x08000fa8        0xc rtos/tasks.o
                0x08000fa8                xTaskGetTickCount
 .text.xTaskIncrementTick
                0x08000fb4      0x11c rtos/tasks.o
                0x08000fb4                xTaskIncrementTick
 .text.xTaskResumeAll
                0x080010d0       0xd8 rtos/tasks.o
                0x080010d0                xTaskResumeAll
 .text.vTaskSwitchContext
                0x080011a8       0x60 rtos/tasks.o
                0x080011a8                vTaskSwitchContext
 .text.vTaskPlaceOnEventList
                0x08001208       0x20 rtos/tasks.o
                0x08001208                vTaskPlaceOnEventList
 .text.xTaskRemoveFromEventList
                0x08001228       0x70 rtos/tasks.o
                0x08001228                xTaskRemoveFromEventList
 .text.vTaskSetTimeOutState
                0x08001298       0x18 rtos/tasks.o
                0x08001298                vTaskSetTimeOutState
 .text.xTaskCheckForTimeOut
                0x080012b0       0x4c rtos/tasks.o
                0x080012b0                xTaskCheckForTimeOut
 .text.vTaskMissedYield
                0x080012fc        0xc rtos/tasks.o
                0x080012fc                vTaskMissedYield
 .text.vTaskPriorityInherit
                0x08001308       0x94 rtos/tasks.o
                0x08001308                vTaskPriorityInherit
 .text.xTaskPriorityDisinherit
                0x0800139c       0x70 rtos/tasks.o
                0x0800139c                xTaskPriorityDisinherit
 .text.pvTaskIncrementMutexHeldCount
                0x0800140c       0x18 rtos/tasks.o
                0x0800140c                pvTaskIncrementMutexHeldCount
 .text.ulTaskNotifyTake
                0x08001424       0x64 rtos/tasks.o
                0x08001424                ulTaskNotifyTake
 .text.vTaskNotifyGiveFromISR
                0x08001488       0xa0 rtos/tasks.o
                0x08001488                vTaskNotifyGiveFromISR
 .text.sv_call_handler
                0x08001528        0x4 rtos/opencm3.o
                0x08001528                sv_call_handler
 .text.pend_sv_handler
                0x0800152c        0x4 rtos/opencm3.o
                0x0800152c                pend_sv_handler
 .text.sys_tick_handler
                0x08001530        0x4 rtos/opencm3.o
                0x08001530                sys_tick_handler
 .text          0x08001534       0xec /opt/gcc-arm/bin/../lib/gcc/arm-none-eabi/12.3.1/../../../../arm-none-eabi/lib/thumb/v7-m/nofp/libc.a(libc_a-memcpy.o)
                0x08001534                memcpy
 .text.uart_common_isr
                0x08001620       0x44 /home/hakan/stm32f103c8t6/beginning-STM32-second-edition//rtos/libwwg/libwwg.a(uartlib.o)
 .text.usart1_isr
                0x08001664        0x6 /home/hakan/stm32f103c8t6/beginning-STM32-second-edition//rtos/libwwg/libwwg.a(uartlib.o)
                0x08001664                usart1_isr
 .text.usart2_isr
                0x0800166a        0x6 /home/hakan/stm32f103c8t6/beginning-STM32-second-edition//rtos/libwwg/libwwg.a(uartlib.o)
                0x0800166a                usart2_isr
 .text.usart3_isr
                0x08001670        0x6 /home/hakan/stm32f103c8t6/beginning-STM32-second-edition//rtos/libwwg/libwwg.a(uartlib.o)
                0x08001670                usart3_isr
 *fill*         0x08001676        0x2 
 .text.open_uart
                0x08001678      0x148 /home/hakan/stm32f103c8t6/beginning-STM32-second-edition//rtos/libwwg/libwwg.a(uartlib.o)
                0x08001678                open_uart
 .text.putc_uart
                0x080017c0       0x34 /home/hakan/stm32f103c8t6/beginning-STM32-second-edition//rtos/libwwg/libwwg.a(uartlib.o)
                0x080017c0                putc_uart
 .text.uart1_putc
                0x080017f4       0x1c /home/hakan/stm32f103c8t6/beginning-STM32-second-edition//rtos/libwwg/libwwg.a(uartlib.o)
                0x080017f4                uart1_putc
 .text.uart2_putc
                0x08001810       0x1c /home/hakan/stm32f103c8t6/beginning-STM32-second-edition//rtos/libwwg/libwwg.a(uartlib.o)
                0x08001810                uart2_putc
 .text.uart3_putc
                0x0800182c       0x1c /home/hakan/stm32f103c8t6/beginning-STM32-second-edition//rtos/libwwg/libwwg.a(uartlib.o)
                0x0800182c                uart3_putc
 .text.write_uart
                0x08001848       0x44 /home/hakan/stm32f103c8t6/beginning-STM32-second-edition//rtos/libwwg/libwwg.a(uartlib.o)
                0x08001848                write_uart
 .text.puts_uart
                0x0800188c       0x40 /home/hakan/stm32f103c8t6/beginning-STM32-second-edition//rtos/libwwg/libwwg.a(uartlib.o)
                0x0800188c                puts_uart
 .text.getc_uart_nb
                0x080018cc       0x34 /home/hakan/stm32f103c8t6/beginning-STM32-second-edition//rtos/libwwg/libwwg.a(uartlib.o)
                0x080018cc                getc_uart_nb
 .text.getc_uart
                0x08001900       0x4c /home/hakan/stm32f103c8t6/beginning-STM32-second-edition//rtos/libwwg/libwwg.a(uartlib.o)
                0x08001900                getc_uart
 .text.uart1_getc
                0x0800194c        0xa /home/hakan/stm32f103c8t6/beginning-STM32-second-edition//rtos/libwwg/libwwg.a(uartlib.o)
                0x0800194c                uart1_getc
 .text.uart2_getc
                0x08001956        0xa /home/hakan/stm32f103c8t6/beginning-STM32-second-edition//rtos/libwwg/libwwg.a(uartlib.o)
                0x08001956                uart2_getc
 .text.uart3_getc
                0x08001960        0xa /home/hakan/stm32f103c8t6/beginning-STM32-second-edition//rtos/libwwg/libwwg.a(uartlib.o)
                0x08001960                uart3_getc
 *fill*         0x0800196a        0x2 
 .text.getline_uart
                0x0800196c       0x20 /home/hakan/stm32f103c8t6/beginning-STM32-second-edition//rtos/libwwg/libwwg.a(uartlib.o)
                0x0800196c                getline_uart
 .text.uart1_puts
                0x0800198c        0x8 /home/hakan/stm32f103c8t6/beginning-STM32-second-edition//rtos/libwwg/libwwg.a(uartlib.o)
                0x0800198c                uart1_puts
 .text.uart1_vprintf
                0x08001994       0x10 /home/hakan/stm32f103c8t6/beginning-STM32-second-edition//rtos/libwwg/libwwg.a(uartlib.o)
                0x08001994                uart1_vprintf
 .text.uart1_peek
                0x080019a4        0x6 /home/hakan/stm32f103c8t6/beginning-STM32-second-edition//rtos/libwwg/libwwg.a(uartlib.o)
                0x080019a4                uart1_peek
 .text.uart1_gets
                0x080019aa        0xa /home/hakan/stm32f103c8t6/beginning-STM32-second-edition//rtos/libwwg/libwwg.a(uartlib.o)
                0x080019aa                uart1_gets
 .text.uart1_write
                0x080019b4        0xa /home/hakan/stm32f103c8t6/beginning-STM32-second-edition//rtos/libwwg/libwwg.a(uartlib.o)
                0x080019b4                uart1_write
 .text.uart1_getline
                0x080019be        0x4 /home/hakan/stm32f103c8t6/beginning-STM32-second-edition//rtos/libwwg/libwwg.a(uartlib.o)
                0x080019be                uart1_getline
 .text.mini_write
                0x080019c2       0x16 /home/hakan/stm32f103c8t6/beginning-STM32-second-edition//rtos/libwwg/libwwg.a(miniprintf.o)
 .text.mini_putc
                0x080019d8       0x2a /home/hakan/stm32f103c8t6/beginning-STM32-second-edition//rtos/libwwg/libwwg.a(miniprintf.o)
 .text.mini_pad
                0x08001a02       0x24 /home/hakan/stm32f103c8t6/beginning-STM32-second-edition//rtos/libwwg/libwwg.a(miniprintf.o)
 *fill*         0x08001a26        0x2 
 .text.internal_vprintf
                0x08001a28      0x1f0 /home/hakan/stm32f103c8t6/beginning-STM32-second-edition//rtos/libwwg/libwwg.a(miniprintf.o)
 .text.mini_vprintf_cooked
                0x08001c18       0x30 /home/hakan/stm32f103c8t6/beginning-STM32-second-edition//rtos/libwwg/libwwg.a(miniprintf.o)
                0x08001c18                mini_vprintf_cooked
 .text.std_printf
                0x08001c48       0x24 /home/hakan/stm32f103c8t6/beginning-STM32-second-edition//rtos/libwwg/libwwg.a(mcuio.o)
                0x08001c48                std_printf
 .text.getline  0x08001c6c      0x18c /home/hakan/stm32f103c8t6/beginning-STM32-second-edition//rtos/libwwg/libwwg.a(getline.o)
                0x08001c6c                getline
 .text.usb_putc
                0x08001df8       0x5c /home/hakan/stm32f103c8t6/beginning-STM32-second-edition//rtos/libwwg/libwwg.a(usbcdc.o)
                0x08001df8                usb_putc
 .text.usb_getc
                0x08001e54       0x2c /home/hakan/stm32f103c8t6/beginning-STM32-second-edition//rtos/libwwg/libwwg.a(usbcdc.o)
                0x08001e54                usb_getc
 .text.usb_puts
                0x08001e80       0x12 /home/hakan/stm32f103c8t6/beginning-STM32-second-edition//rtos/libwwg/libwwg.a(usbcdc.o)
                0x08001e80                usb_puts
 *fill*         0x08001e92        0x2 
 .text.usb_vprintf
                0x08001e94       0x10 /home/hakan/stm32f103c8t6/beginning-STM32-second-edition//rtos/libwwg/libwwg.a(usbcdc.o)
                0x08001e94                usb_vprintf
 .text.usb_write
                0x08001ea4       0x24 /home/hakan/stm32f103c8t6/beginning-STM32-second-edition//rtos/libwwg/libwwg.a(usbcdc.o)
                0x08001ea4                usb_write
 .text.usb_peek
                0x08001ec8       0x28 /home/hakan/stm32f103c8t6/beginning-STM32-second-edition//rtos/libwwg/libwwg.a(usbcdc.o)
                0x08001ec8                usb_peek
 .text.usb_gets
                0x08001ef0       0x4a /home/hakan/stm32f103c8t6/beginning-STM32-second-edition//rtos/libwwg/libwwg.a(usbcdc.o)
                0x08001ef0                usb_gets
 *fill*         0x08001f3a        0x2 
 .text.usb_getline
                0x08001f3c       0x10 /home/hakan/stm32f103c8t6/beginning-STM32-second-edition//rtos/libwwg/libwwg.a(usbcdc.o)
                0x08001f3c                usb_getline
 .text.gpio_set_mode
                0x08001f4c       0x6a /home/hakan/stm32f103c8t6/beginning-STM32-second-edition/libopencm3/lib/libopencm3_stm32f1.a(gpio.o)
                0x08001f4c                gpio_set_mode
 .text.gpio_clear
                0x08001fb6        0x6 /home/hakan/stm32f103c8t6/beginning-STM32-second-edition/libopencm3/lib/libopencm3_stm32f1.a(gpio_common_all.o)
                0x08001fb6                gpio_clear
 .text.gpio_toggle
                0x08001fbc       0x12 /home/hakan/stm32f103c8t6/beginning-STM32-second-edition/libopencm3/lib/libopencm3_stm32f1.a(gpio_common_all.o)
                0x08001fbc                gpio_toggle
 *fill*         0x08001fce        0x2 
 .text.rcc_is_osc_ready
                0x08001fd0       0x58 /home/hakan/stm32f103c8t6/beginning-STM32-second-edition/libopencm3/lib/libopencm3_stm32f1.a(rcc.o)
                0x08001fd0                rcc_is_osc_ready
 .text.rcc_wait_for_osc_ready
                0x08002028       0x10 /home/hakan/stm32f103c8t6/beginning-STM32-second-edition/libopencm3/lib/libopencm3_stm32f1.a(rcc.o)
                0x08002028                rcc_wait_for_osc_ready
 .text.rcc_osc_on
                0x08002038       0x60 /home/hakan/stm32f103c8t6/beginning-STM32-second-edition/libopencm3/lib/libopencm3_stm32f1.a(rcc.o)
                0x08002038                rcc_osc_on
 .text.rcc_set_sysclk_source
                0x08002098       0x14 /home/hakan/stm32f103c8t6/beginning-STM32-second-edition/libopencm3/lib/libopencm3_stm32f1.a(rcc.o)
                0x08002098                rcc_set_sysclk_source
 .text.rcc_set_pll_multiplication_factor
                0x080020ac       0x14 /home/hakan/stm32f103c8t6/beginning-STM32-second-edition/libopencm3/lib/libopencm3_stm32f1.a(rcc.o)
                0x080020ac                rcc_set_pll_multiplication_factor
 .text.rcc_set_pll2_multiplication_factor
                0x080020c0       0x14 /home/hakan/stm32f103c8t6/beginning-STM32-second-edition/libopencm3/lib/libopencm3_stm32f1.a(rcc.o)
                0x080020c0                rcc_set_pll2_multiplication_factor
 .text.rcc_set_pll3_multiplication_factor
                0x080020d4       0x14 /home/hakan/stm32f103c8t6/beginning-STM32-second-edition/libopencm3/lib/libopencm3_stm32f1.a(rcc.o)
                0x080020d4                rcc_set_pll3_multiplication_factor
 .text.rcc_set_pll_source
                0x080020e8       0x14 /home/hakan/stm32f103c8t6/beginning-STM32-second-edition/libopencm3/lib/libopencm3_stm32f1.a(rcc.o)
                0x080020e8                rcc_set_pll_source
 .text.rcc_set_pllxtpre
                0x080020fc       0x14 /home/hakan/stm32f103c8t6/beginning-STM32-second-edition/libopencm3/lib/libopencm3_stm32f1.a(rcc.o)
                0x080020fc                rcc_set_pllxtpre
 .text.rcc_enable_rtc_clock
                0x08002110       0x10 /home/hakan/stm32f103c8t6/beginning-STM32-second-edition/libopencm3/lib/libopencm3_stm32f1.a(rcc.o)
                0x08002110                rcc_enable_rtc_clock
 .text.rcc_set_rtc_clock_source
                0x08002120       0x84 /home/hakan/stm32f103c8t6/beginning-STM32-second-edition/libopencm3/lib/libopencm3_stm32f1.a(rcc.o)
                0x08002120                rcc_set_rtc_clock_source
 .text.rcc_set_adcpre
                0x080021a4       0x14 /home/hakan/stm32f103c8t6/beginning-STM32-second-edition/libopencm3/lib/libopencm3_stm32f1.a(rcc.o)
                0x080021a4                rcc_set_adcpre
 .text.rcc_set_ppre2
                0x080021b8       0x14 /home/hakan/stm32f103c8t6/beginning-STM32-second-edition/libopencm3/lib/libopencm3_stm32f1.a(rcc.o)
                0x080021b8                rcc_set_ppre2
 .text.rcc_set_ppre1
                0x080021cc       0x14 /home/hakan/stm32f103c8t6/beginning-STM32-second-edition/libopencm3/lib/libopencm3_stm32f1.a(rcc.o)
                0x080021cc                rcc_set_ppre1
 .text.rcc_set_hpre
                0x080021e0       0x14 /home/hakan/stm32f103c8t6/beginning-STM32-second-edition/libopencm3/lib/libopencm3_stm32f1.a(rcc.o)
                0x080021e0                rcc_set_hpre
 .text.rcc_set_usbpre
                0x080021f4       0x18 /home/hakan/stm32f103c8t6/beginning-STM32-second-edition/libopencm3/lib/libopencm3_stm32f1.a(rcc.o)
                0x080021f4                rcc_set_usbpre
 .text.rcc_set_prediv1
                0x0800220c       0x14 /home/hakan/stm32f103c8t6/beginning-STM32-second-edition/libopencm3/lib/libopencm3_stm32f1.a(rcc.o)
                0x0800220c                rcc_set_prediv1
 .text.rcc_set_prediv2
                0x08002220       0x14 /home/hakan/stm32f103c8t6/beginning-STM32-second-edition/libopencm3/lib/libopencm3_stm32f1.a(rcc.o)
                0x08002220                rcc_set_prediv2
 .text.rcc_set_prediv1_source
                0x08002234       0x18 /home/hakan/stm32f103c8t6/beginning-STM32-second-edition/libopencm3/lib/libopencm3_stm32f1.a(rcc.o)
                0x08002234                rcc_set_prediv1_source
 .text.rcc_clock_setup_pll
                0x0800224c       0xbc /home/hakan/stm32f103c8t6/beginning-STM32-second-edition/libopencm3/lib/libopencm3_stm32f1.a(rcc.o)
                0x0800224c                rcc_clock_setup_pll
 .text.rcc_get_usart_clk_freq
                0x08002308       0x1c /home/hakan/stm32f103c8t6/beginning-STM32-second-edition/libopencm3/lib/libopencm3_stm32f1.a(rcc.o)
                0x08002308                rcc_get_usart_clk_freq
 .text.rcc_periph_clock_enable
                0x08002324       0x1a /home/hakan/stm32f103c8t6/beginning-STM32-second-edition/libopencm3/lib/libopencm3_stm32f1.a(rcc_common_all.o)
                0x08002324                rcc_periph_clock_enable
 *fill*         0x0800233e        0x2 
 .text.rtc_enter_config_mode
                0x08002340       0x1c /home/hakan/stm32f103c8t6/beginning-STM32-second-edition/libopencm3/lib/libopencm3_stm32f1.a(rtc.o)
                0x08002340                rtc_enter_config_mode
 .text.rtc_exit_config_mode
                0x0800235c       0x1c /home/hakan/stm32f103c8t6/beginning-STM32-second-edition/libopencm3/lib/libopencm3_stm32f1.a(rtc.o)
                0x0800235c                rtc_exit_config_mode
 .text.rtc_awake_from_off
                0x08002378       0x6c /home/hakan/stm32f103c8t6/beginning-STM32-second-edition/libopencm3/lib/libopencm3_stm32f1.a(rtc.o)
                0x08002378                rtc_awake_from_off
 .text.rtc_set_alarm_time
                0x080023e4       0x20 /home/hakan/stm32f103c8t6/beginning-STM32-second-edition/libopencm3/lib/libopencm3_stm32f1.a(rtc.o)
                0x080023e4                rtc_set_alarm_time
 .text.rtc_enable_alarm
                0x08002404       0x20 /home/hakan/stm32f103c8t6/beginning-STM32-second-edition/libopencm3/lib/libopencm3_stm32f1.a(rtc.o)
                0x08002404                rtc_enable_alarm
 .text.rtc_disable_alarm
                0x08002424       0x20 /home/hakan/stm32f103c8t6/beginning-STM32-second-edition/libopencm3/lib/libopencm3_stm32f1.a(rtc.o)
                0x08002424                rtc_disable_alarm
 .text.rtc_set_prescale_val
                0x08002444       0x24 /home/hakan/stm32f103c8t6/beginning-STM32-second-edition/libopencm3/lib/libopencm3_stm32f1.a(rtc.o)
                0x08002444                rtc_set_prescale_val
 .text.rtc_get_counter_val
                0x08002468       0x14 /home/hakan/stm32f103c8t6/beginning-STM32-second-edition/libopencm3/lib/libopencm3_stm32f1.a(rtc.o)
                0x08002468                rtc_get_counter_val
 .text.rtc_set_counter_val
                0x0800247c       0x20 /home/hakan/stm32f103c8t6/beginning-STM32-second-edition/libopencm3/lib/libopencm3_stm32f1.a(rtc.o)
                0x0800247c                rtc_set_counter_val
 .text.rtc_interrupt_enable
                0x0800249c       0x44 /home/hakan/stm32f103c8t6/beginning-STM32-second-edition/libopencm3/lib/libopencm3_stm32f1.a(rtc.o)
                0x0800249c                rtc_interrupt_enable
 .text.rtc_interrupt_disable
                0x080024e0       0x44 /home/hakan/stm32f103c8t6/beginning-STM32-second-edition/libopencm3/lib/libopencm3_stm32f1.a(rtc.o)
                0x080024e0                rtc_interrupt_disable
 .text.rtc_clear_flag
                0x08002524       0x38 /home/hakan/stm32f103c8t6/beginning-STM32-second-edition/libopencm3/lib/libopencm3_stm32f1.a(rtc.o)
                0x08002524                rtc_clear_flag
 .text.rtc_check_flag
                0x0800255c       0x38 /home/hakan/stm32f103c8t6/beginning-STM32-second-edition/libopencm3/lib/libopencm3_stm32f1.a(rtc.o)
                0x0800255c                rtc_check_flag
 .text.usart_set_baudrate
                0x08002594       0x16 /home/hakan/stm32f103c8t6/beginning-STM32-second-edition/libopencm3/lib/libopencm3_stm32f1.a(usart_common_all.o)
                0x08002594                usart_set_baudrate
 .text.usart_set_databits
                0x080025aa       0x12 /home/hakan/stm32f103c8t6/beginning-STM32-second-edition/libopencm3/lib/libopencm3_stm32f1.a(usart_common_all.o)
                0x080025aa                usart_set_databits
 .text.usart_set_stopbits
                0x080025bc        0xc /home/hakan/stm32f103c8t6/beginning-STM32-second-edition/libopencm3/lib/libopencm3_stm32f1.a(usart_common_all.o)
                0x080025bc                usart_set_stopbits
 .text.usart_set_parity
                0x080025c8        0xc /home/hakan/stm32f103c8t6/beginning-STM32-second-edition/libopencm3/lib/libopencm3_stm32f1.a(usart_common_all.o)
                0x080025c8                usart_set_parity
 .text.usart_set_mode
                0x080025d4        0xc /home/hakan/stm32f103c8t6/beginning-STM32-second-edition/libopencm3/lib/libopencm3_stm32f1.a(usart_common_all.o)
                0x080025d4                usart_set_mode
 .text.usart_set_flow_control
                0x080025e0        0xc /home/hakan/stm32f103c8t6/beginning-STM32-second-edition/libopencm3/lib/libopencm3_stm32f1.a(usart_common_all.o)
                0x080025e0                usart_set_flow_control
 .text.usart_enable
                0x080025ec        0xa /home/hakan/stm32f103c8t6/beginning-STM32-second-edition/libopencm3/lib/libopencm3_stm32f1.a(usart_common_all.o)
                0x080025ec                usart_enable
 .text.usart_send_blocking
                0x080025f6       0x16 /home/hakan/stm32f103c8t6/beginning-STM32-second-edition/libopencm3/lib/libopencm3_stm32f1.a(usart_common_all.o)
                0x080025f6                usart_send_blocking
 .text.usart_enable_rx_interrupt
                0x0800260c        0xa /home/hakan/stm32f103c8t6/beginning-STM32-second-edition/libopencm3/lib/libopencm3_stm32f1.a(usart_common_all.o)
                0x0800260c                usart_enable_rx_interrupt
 .text.usart_disable_rx_interrupt
                0x08002616        0xa /home/hakan/stm32f103c8t6/beginning-STM32-second-edition/libopencm3/lib/libopencm3_stm32f1.a(usart_common_all.o)
                0x08002616                usart_disable_rx_interrupt
 .text.usart_send
                0x08002620        0x8 /home/hakan/stm32f103c8t6/beginning-STM32-second-edition/libopencm3/lib/libopencm3_stm32f1.a(usart_common_f124.o)
                0x08002620                usart_send
 .text.usart_wait_send_ready
                0x08002628        0x8 /home/hakan/stm32f103c8t6/beginning-STM32-second-edition/libopencm3/lib/libopencm3_stm32f1.a(usart_common_f124.o)
                0x08002628                usart_wait_send_ready
 .text.blocking_handler
                0x08002630        0x2 /home/hakan/stm32f103c8t6/beginning-STM32-second-edition/libopencm3/lib/libopencm3_stm32f1.a(vector.o)
                0x08002630                tim7_isr
                0x08002630                adc1_2_isr
                0x08002630                tim1_trg_com_isr
                0x08002630                usb_hp_can_tx_isr
                0x08002630                tim6_isr
                0x08002630                usb_wakeup_isr
                0x08002630                blocking_handler
                0x08002630                tim5_isr
                0x08002630                otg_fs_isr
                0x08002630                spi1_isr
                0x08002630                exti2_isr
                0x08002630                dma1_channel6_isr
                0x08002630                can_rx1_isr
                0x08002630                dma1_channel5_isr
                0x08002630                dma2_channel5_isr
                0x08002630                usage_fault_handler
                0x08002630                tim8_trg_com_isr
                0x08002630                can2_rx0_isr
                0x08002630                tim1_brk_isr
                0x08002630                can2_rx1_isr
                0x08002630                tim1_cc_isr
                0x08002630                sdio_isr
                0x08002630                eth_isr
                0x08002630                dma1_channel4_isr
                0x08002630                tim8_brk_isr
                0x08002630                dma2_channel4_5_isr
                0x08002630                pvd_isr
                0x08002630                rcc_isr
                0x08002630                flash_isr
                0x08002630                uart4_isr
                0x08002630                rtc_alarm_isr
                0x08002630                exti15_10_isr
                0x08002630                hard_fault_handler
                0x08002630                exti1_isr
                0x08002630                i2c1_ev_isr
                0x08002630                dma2_channel1_isr
                0x08002630                spi2_isr
                0x08002630                tim8_up_isr
                0x08002630                dma2_channel2_isr
                0x08002630                exti3_isr
                0x08002630                adc3_isr
                0x08002630                tim3_isr
                0x08002630                usb_lp_can_rx0_isr
                0x08002630                i2c2_er_isr
                0x08002630                i2c2_ev_isr
                0x08002630                uart5_isr
                0x08002630                fsmc_isr
                0x08002630                dma1_channel1_isr
                0x08002630                exti4_isr
                0x08002630                mem_manage_handler
                0x08002630                can2_tx_isr
                0x08002630                exti9_5_isr
                0x08002630                dma2_channel3_isr
                0x08002630                dma1_channel7_isr
                0x08002630                tim1_up_isr
                0x08002630                can2_sce_isr
                0x08002630                tim4_isr
                0x08002630                dma1_channel2_isr
                0x08002630                i2c1_er_isr
                0x08002630                can_sce_isr
                0x08002630                tim8_cc_isr
                0x08002630                tamper_isr
                0x08002630                eth_wkup_isr
                0x08002630                bus_fault_handler
                0x08002630                wwdg_isr
                0x08002630                dma1_channel3_isr
                0x08002630                spi3_isr
                0x08002630                tim2_isr
                0x08002630                exti0_isr
 .text.null_handler
                0x08002632        0x2 /home/hakan/stm32f103c8t6/beginning-STM32-second-edition/libopencm3/lib/libopencm3_stm32f1.a(vector.o)
                0x08002632                null_handler
                0x08002632                debug_monitor_handler
                0x08002632                nmi_handler
 .text.reset_handler
                0x08002634       0x94 /home/hakan/stm32f103c8t6/beginning-STM32-second-edition/libopencm3/lib/libopencm3_stm32f1.a(vector.o)
                0x08002634                reset_handler
 .text.nvic_enable_irq
                0x080026c8       0x18 /home/hakan/stm32f103c8t6/beginning-STM32-second-edition/libopencm3/lib/libopencm3_stm32f1.a(nvic.o)
                0x080026c8                nvic_enable_irq
 .text.flash_set_ws
                0x080026e0       0x14 /home/hakan/stm32f103c8t6/beginning-STM32-second-edition/libopencm3/lib/libopencm3_stm32f1.a(flash_common_all.o)
                0x080026e0                flash_set_ws
 .text.pwr_disable_backup_domain_write_protect
                0x080026f4       0x10 /home/hakan/stm32f103c8t6/beginning-STM32-second-edition/libopencm3/lib/libopencm3_stm32f1.a(pwr_common_v1.o)
                0x080026f4                pwr_disable_backup_domain_write_protect
 .text.malloc   0x08002704       0x10 /opt/gcc-arm/bin/../lib/gcc/arm-none-eabi/12.3.1/../../../../arm-none-eabi/lib/thumb/v7-m/nofp/libc.a(libc_a-malloc.o)
                0x08002704                malloc
 .text._malloc_r
                0x08002714      0x570 /opt/gcc-arm/bin/../lib/gcc/arm-none-eabi/12.3.1/../../../../arm-none-eabi/lib/thumb/v7-m/nofp/libc.a(libc_a-mallocr.o)
                0x08002714                _malloc_r
 .text.memmove  0x08002c84       0xfc /opt/gcc-arm/bin/../lib/gcc/arm-none-eabi/12.3.1/../../../../arm-none-eabi/lib/thumb/v7-m/nofp/libc.a(libc_a-memmove.o)
                0x08002c84                memmove
 .text.sysconf  0x08002d80       0x1c /opt/gcc-arm/bin/../lib/gcc/arm-none-eabi/12.3.1/../../../../arm-none-eabi/lib/thumb/v7-m/nofp/libc.a(libc_a-sysconf.o)
                0x08002d80                sysconf
 .text.__malloc_lock
                0x08002d9c        0xc /opt/gcc-arm/bin/../lib/gcc/arm-none-eabi/12.3.1/../../../../arm-none-eabi/lib/thumb/v7-m/nofp/libc.a(libc_a-mlock.o)
                0x08002d9c                __malloc_lock
 .text.__malloc_unlock
                0x08002da8        0xc /opt/gcc-arm/bin/../lib/gcc/arm-none-eabi/12.3.1/../../../../arm-none-eabi/lib/thumb/v7-m/nofp/libc.a(libc_a-mlock.o)
                0x08002da8                __malloc_unlock
 .text.strlen   0x08002db4       0x5c /opt/gcc-arm/bin/../lib/gcc/arm-none-eabi/12.3.1/../../../../arm-none-eabi/lib/thumb/v7-m/nofp/libc.a(libc_a-strlen-stub.o)
                0x08002db4                strlen
 .text._malloc_trim_r
                0x08002e10       0xb8 /opt/gcc-arm/bin/../lib/gcc/arm-none-eabi/12.3.1/../../../../arm-none-eabi/lib/thumb/v7-m/nofp/libc.a(libc_a-freer.o)
                0x08002e10                _malloc_trim_r
 .text._free_r  0x08002ec8      0x1fc /opt/gcc-arm/bin/../lib/gcc/arm-none-eabi/12.3.1/../../../../arm-none-eabi/lib/thumb/v7-m/nofp/libc.a(libc_a-freer.o)
                0x08002ec8                _free_r
 .text._sbrk_r  0x080030c4       0x24 /opt/gcc-arm/bin/../lib/gcc/arm-none-eabi/12.3.1/../../../../arm-none-eabi/lib/thumb/v7-m/nofp/libc.a(libc_a-sbrkr.o)
                0x080030c4                _sbrk_r
 .text.__errno  0x080030e8        0xc /opt/gcc-arm/bin/../lib/gcc/arm-none-eabi/12.3.1/../../../../arm-none-eabi/lib/thumb/v7-m/nofp/libc.a(libc_a-errno.o)
                0x080030e8                __errno
 .text.__retarget_lock_acquire_recursive
                0x080030f4        0x4 /opt/gcc-arm/bin/../lib/gcc/arm-none-eabi/12.3.1/../../../../arm-none-eabi/lib/thumb/v7-m/nofp/libc.a(libc_a-lock.o)
                0x080030f4                __retarget_lock_acquire_recursive
 .text.__retarget_lock_release_recursive
                0x080030f8        0x4 /opt/gcc-arm/bin/../lib/gcc/arm-none-eabi/12.3.1/../../../../arm-none-eabi/lib/thumb/v7-m/nofp/libc.a(libc_a-lock.o)
                0x080030f8                __retarget_lock_release_recursive
 .text._sbrk    0x080030fc       0x1c /opt/gcc-arm/bin/../lib/gcc/arm-none-eabi/12.3.1/../../../../arm-none-eabi/lib/thumb/v7-m/nofp/libnosys.a(sbrk.o)
                0x080030fc                _sbrk
                0x08003118                        . = ALIGN (0x4)
 *(.rodata*)
 .rodata.task3.str1.1
                0x08003118       0x2a main.o
 .rodata.task2.str1.1
                0x08003142       0x48 main.o
 .rodata.task1.str1.1
                0x0800318a       0x92 main.o
 .rodata.main.str1.1
                0x0800321c       0x19 main.o
 .rodata.vTaskStartScheduler.str1.1
                0x08003235        0x5 rtos/tasks.o
 *fill*         0x0800323a        0x2 
 .rodata.uarts  0x0800323c       0x3c /home/hakan/stm32f103c8t6/beginning-STM32-second-edition//rtos/libwwg/libwwg.a(uartlib.o)
 .rodata.internal_vprintf.str1.1
                0x08003278        0x3 /home/hakan/stm32f103c8t6/beginning-STM32-second-edition//rtos/libwwg/libwwg.a(miniprintf.o)
 *fill*         0x0800327b        0x1 
 .rodata.dev_usb
                0x0800327c       0x20 /home/hakan/stm32f103c8t6/beginning-STM32-second-edition//rtos/libwwg/libwwg.a(mcuio.o)
 .rodata.dev_uart1
                0x0800329c       0x20 /home/hakan/stm32f103c8t6/beginning-STM32-second-edition//rtos/libwwg/libwwg.a(mcuio.o)
 .rodata.cr.0   0x080032bc        0x1 /home/hakan/stm32f103c8t6/beginning-STM32-second-edition//rtos/libwwg/libwwg.a(usbcdc.o)
 *fill*         0x080032bd        0x3 
 .rodata.rcc_hse_configs
                0x080032c0       0x8c /home/hakan/stm32f103c8t6/beginning-STM32-second-edition/libopencm3/lib/libopencm3_stm32f1.a(rcc.o)
                0x080032c0                rcc_hse_configs
                0x0800334c                        . = ALIGN (0x4)

.glue_7         0x0800334c        0x0
 .glue_7        0x0800334c        0x0 linker stubs

.glue_7t        0x0800334c        0x0
 .glue_7t       0x0800334c        0x0 linker stubs

.vfp11_veneer   0x0800334c        0x0
 .vfp11_veneer  0x0800334c        0x0 linker stubs

.v4_bx          0x0800334c        0x0
 .v4_bx         0x0800334c        0x0 linker stubs

.iplt           0x0800334c        0x0
 .iplt          0x0800334c        0x0 main.o

.preinit_array  0x0800334c        0x0
                0x0800334c                        . = ALIGN (0x4)
                0x0800334c                        __preinit_array_start = .
 *(.preinit_array)
                0x0800334c                        __preinit_array_end = .

.init_array     0x0800334c        0x0
                0x0800334c                        . = ALIGN (0x4)
                0x0800334c                        __init_array_start = .
 *(SORT_BY_NAME(.init_array.*))
 *(.init_array)
                0x0800334c                        __init_array_end = .

.fini_array     0x0800334c        0x0
                0x0800334c                        . = ALIGN (0x4)
                0x0800334c                        __fini_array_start = .
 *(.fini_array)
 *(SORT_BY_NAME(.fini_array.*))
                0x0800334c                        __fini_array_end = .

.ARM.extab
 *(.ARM.extab*)

.ARM.exidx      0x0800334c        0x8
                0x0800334c                        __exidx_start = .
 *(.ARM.exidx*)
 .ARM.exidx     0x0800334c        0x8 /opt/gcc-arm/bin/../lib/gcc/arm-none-eabi/12.3.1/../../../../arm-none-eabi/lib/thumb/v7-m/nofp/libc.a(libc_a-memcpy.o)
                0x08003354                        __exidx_end = .

.rel.dyn        0x08003354        0x0
 .rel.iplt      0x08003354        0x0 main.o
                0x08003354                        . = ALIGN (0x4)
                0x08003354                        _etext = .

.data           0x20000000      0x550 load address 0x08003354
                0x20000000                        _data = .
 *(.data*)
 .data.uxCriticalNesting
                0x20000000        0x4 rtos/port.o
 .data.mcu_stdio
                0x20000004        0x4 /home/hakan/stm32f103c8t6/beginning-STM32-second-edition//rtos/libwwg/libwwg.a(mcuio.o)
                0x20000004                mcu_stdio
 .data.mcu_uart1
                0x20000008        0x4 /home/hakan/stm32f103c8t6/beginning-STM32-second-edition//rtos/libwwg/libwwg.a(mcuio.o)
                0x20000008                mcu_uart1
 .data.rcc_ahb_frequency
                0x2000000c        0x4 /home/hakan/stm32f103c8t6/beginning-STM32-second-edition/libopencm3/lib/libopencm3_stm32f1.a(rcc.o)
                0x2000000c                rcc_ahb_frequency
 .data.rcc_apb2_frequency
                0x20000010        0x4 /home/hakan/stm32f103c8t6/beginning-STM32-second-edition/libopencm3/lib/libopencm3_stm32f1.a(rcc.o)
                0x20000010                rcc_apb2_frequency
 .data.rcc_apb1_frequency
                0x20000014        0x4 /home/hakan/stm32f103c8t6/beginning-STM32-second-edition/libopencm3/lib/libopencm3_stm32f1.a(rcc.o)
                0x20000014                rcc_apb1_frequency
 .data.__malloc_sbrk_base
                0x20000018        0x4 /opt/gcc-arm/bin/../lib/gcc/arm-none-eabi/12.3.1/../../../../arm-none-eabi/lib/thumb/v7-m/nofp/libc.a(libc_a-mallocr.o)
                0x20000018                __malloc_sbrk_base
 .data.__malloc_trim_threshold
                0x2000001c        0x4 /opt/gcc-arm/bin/../lib/gcc/arm-none-eabi/12.3.1/../../../../arm-none-eabi/lib/thumb/v7-m/nofp/libc.a(libc_a-mallocr.o)
                0x2000001c                __malloc_trim_threshold
 .data.__malloc_av_
                0x20000020      0x408 /opt/gcc-arm/bin/../lib/gcc/arm-none-eabi/12.3.1/../../../../arm-none-eabi/lib/thumb/v7-m/nofp/libc.a(libc_a-mallocr.o)
                0x20000020                __malloc_av_
 .data._impure_ptr
                0x20000428        0x4 /opt/gcc-arm/bin/../lib/gcc/arm-none-eabi/12.3.1/../../../../arm-none-eabi/lib/thumb/v7-m/nofp/libc.a(libc_a-impure.o)
                0x20000428                _impure_ptr
 *fill*         0x2000042c        0x4 
 .data._impure_data
                0x20000430      0x120 /opt/gcc-arm/bin/../lib/gcc/arm-none-eabi/12.3.1/../../../../arm-none-eabi/lib/thumb/v7-m/nofp/libc.a(libc_a-impure.o)
                0x20000430                _impure_data
                0x20000550                        . = ALIGN (0x4)
                0x20000550                        _edata = .
                0x08003354                        _data_loadaddr = LOADADDR (.data)

.igot.plt       0x20000550        0x0 load address 0x080038a4
 .igot.plt      0x20000550        0x0 main.o

.bss            0x20000550     0x46c0 load address 0x080038a4
 *(.bss*)
 .bss.alarm     0x20000550        0x4 main.o
 .bss.seconds   0x20000554        0x4 main.o
 .bss.minutes   0x20000558        0x4 main.o
 .bss.hours     0x2000055c        0x4 main.o
 .bss.days      0x20000560        0x4 main.o
 .bss.rtc_overflow_count
                0x20000564        0x4 main.o
 .bss.rtc_alarm_count
                0x20000568        0x4 main.o
 .bss.rtc_isr_count
                0x2000056c        0x4 main.o
 .bss.h_mutex   0x20000570        0x4 main.o
 .bss.h_task3   0x20000574        0x4 main.o
 .bss.h_task2   0x20000578        0x4 main.o
 .bss.xBlockAllocatedBit
                0x2000057c        0x4 rtos/heap_4.o
 .bss.xMinimumEverFreeBytesRemaining
                0x20000580        0x4 rtos/heap_4.o
 .bss.xFreeBytesRemaining
                0x20000584        0x4 rtos/heap_4.o
 .bss.pxEnd     0x20000588        0x4 rtos/heap_4.o
 .bss.xStart    0x2000058c        0x8 rtos/heap_4.o
 .bss.ucHeap    0x20000594     0x4400 rtos/heap_4.o
 .bss.uxSchedulerSuspended
                0x20004994        0x4 rtos/tasks.o
 .bss.xIdleTaskHandle
                0x20004998        0x4 rtos/tasks.o
 .bss.xNextTaskUnblockTime
                0x2000499c        0x4 rtos/tasks.o
 .bss.uxTaskNumber
                0x200049a0        0x4 rtos/tasks.o
 .bss.xNumOfOverflows
                0x200049a4        0x4 rtos/tasks.o
 .bss.xYieldPending
                0x200049a8        0x4 rtos/tasks.o
 .bss.uxPendedTicks
                0x200049ac        0x4 rtos/tasks.o
 .bss.xSchedulerRunning
                0x200049b0        0x4 rtos/tasks.o
 .bss.uxTopReadyPriority
                0x200049b4        0x4 rtos/tasks.o
 .bss.xTickCount
                0x200049b8        0x4 rtos/tasks.o
 .bss.uxCurrentNumberOfTasks
                0x200049bc        0x4 rtos/tasks.o
 .bss.xSuspendedTaskList
                0x200049c0       0x14 rtos/tasks.o
 .bss.xPendingReadyList
                0x200049d4       0x14 rtos/tasks.o
 .bss.pxOverflowDelayedTaskList
                0x200049e8        0x4 rtos/tasks.o
 .bss.pxDelayedTaskList
                0x200049ec        0x4 rtos/tasks.o
 .bss.xDelayedTaskList2
                0x200049f0       0x14 rtos/tasks.o
 .bss.xDelayedTaskList1
                0x20004a04       0x14 rtos/tasks.o
 .bss.pxReadyTasksLists
                0x20004a18       0x64 rtos/tasks.o
 .bss.pxCurrentTCB
                0x20004a7c        0x4 rtos/tasks.o
                0x20004a7c                pxCurrentTCB
 .bss.uart_data
                0x20004a80        0xc /home/hakan/stm32f103c8t6/beginning-STM32-second-edition//rtos/libwwg/libwwg.a(uartlib.o)
 .bss.usb_rxq   0x20004a8c        0x4 /home/hakan/stm32f103c8t6/beginning-STM32-second-edition//rtos/libwwg/libwwg.a(usbcdc.o)
 .bss.usb_txq   0x20004a90        0x4 /home/hakan/stm32f103c8t6/beginning-STM32-second-edition//rtos/libwwg/libwwg.a(usbcdc.o)
 .bss.initialized
                0x20004a94        0x1 /home/hakan/stm32f103c8t6/beginning-STM32-second-edition//rtos/libwwg/libwwg.a(usbcdc.o)
 *fill*         0x20004a95        0x3 
 .bss.__malloc_current_mallinfo
                0x20004a98       0x28 /opt/gcc-arm/bin/../lib/gcc/arm-none-eabi/12.3.1/../../../../arm-none-eabi/lib/thumb/v7-m/nofp/libc.a(libc_a-mallocr.o)
                0x20004a98                __malloc_current_mallinfo
 .bss.__malloc_max_total_mem
                0x20004ac0        0x4 /opt/gcc-arm/bin/../lib/gcc/arm-none-eabi/12.3.1/../../../../arm-none-eabi/lib/thumb/v7-m/nofp/libc.a(libc_a-mallocr.o)
                0x20004ac0                __malloc_max_total_mem
 .bss.__malloc_max_sbrked_mem
                0x20004ac4        0x4 /opt/gcc-arm/bin/../lib/gcc/arm-none-eabi/12.3.1/../../../../arm-none-eabi/lib/thumb/v7-m/nofp/libc.a(libc_a-mallocr.o)
                0x20004ac4                __malloc_max_sbrked_mem
 .bss.__malloc_top_pad
                0x20004ac8        0x4 /opt/gcc-arm/bin/../lib/gcc/arm-none-eabi/12.3.1/../../../../arm-none-eabi/lib/thumb/v7-m/nofp/libc.a(libc_a-mallocr.o)
                0x20004ac8                __malloc_top_pad
 .bss.__sf      0x20004acc      0x138 /opt/gcc-arm/bin/../lib/gcc/arm-none-eabi/12.3.1/../../../../arm-none-eabi/lib/thumb/v7-m/nofp/libc.a(libc_a-findfp.o)
                0x20004acc                __sf
 .bss.__lock___malloc_recursive_mutex
                0x20004c04        0x1 /opt/gcc-arm/bin/../lib/gcc/arm-none-eabi/12.3.1/../../../../arm-none-eabi/lib/thumb/v7-m/nofp/libc.a(libc_a-lock.o)
                0x20004c04                __lock___malloc_recursive_mutex
 *fill*         0x20004c05        0x3 
 .bss.errno     0x20004c08        0x4 /opt/gcc-arm/bin/../lib/gcc/arm-none-eabi/12.3.1/../../../../arm-none-eabi/lib/thumb/v7-m/nofp/libc.a(libc_a-reent.o)
                0x20004c08                errno
 .bss.heap_end.0
                0x20004c0c        0x4 /opt/gcc-arm/bin/../lib/gcc/arm-none-eabi/12.3.1/../../../../arm-none-eabi/lib/thumb/v7-m/nofp/libnosys.a(sbrk.o)
 *(COMMON)
                0x20004c10                        . = ALIGN (0x4)
                0x20004c10                        _ebss = .

/DISCARD/
 *(.eh_frame)
                0x20004c10                        . = ALIGN (0x4)
                0x20004c10                        end = .
                0x20005000                        PROVIDE (_stack = (ORIGIN (ram) + LENGTH (ram)))
OUTPUT(main.elf elf32-littlearm)
LOAD linker stubs

.debug_info     0x00000000     0xbf89
 .debug_info    0x00000000     0x1249 main.o
 .debug_info    0x00001249      0x3f9 rtos/heap_4.o
 .debug_info    0x00001642      0x2ae rtos/list.o
 .debug_info    0x000018f0      0x316 rtos/port.o
 .debug_info    0x00001c06     0x147a rtos/queue.o
 .debug_info    0x00003080     0x1e1a rtos/tasks.o
 .debug_info    0x00004e9a       0xde rtos/opencm3.o
 .debug_info    0x00004f78     0x13e1 /home/hakan/stm32f103c8t6/beginning-STM32-second-edition//rtos/libwwg/libwwg.a(uartlib.o)
 .debug_info    0x00006359      0x8bb /home/hakan/stm32f103c8t6/beginning-STM32-second-edition//rtos/libwwg/libwwg.a(miniprintf.o)
 .debug_info    0x00006c14      0x5d3 /home/hakan/stm32f103c8t6/beginning-STM32-second-edition//rtos/libwwg/libwwg.a(mcuio.o)
 .debug_info    0x000071e7      0x2db /home/hakan/stm32f103c8t6/beginning-STM32-second-edition//rtos/libwwg/libwwg.a(getline.o)
 .debug_info    0x000074c2     0x14ed /home/hakan/stm32f103c8t6/beginning-STM32-second-edition//rtos/libwwg/libwwg.a(usbcdc.o)
 .debug_info    0x000089af      0x1fd /home/hakan/stm32f103c8t6/beginning-STM32-second-edition/libopencm3/lib/libopencm3_stm32f1.a(gpio.o)
 .debug_info    0x00008bac      0x256 /home/hakan/stm32f103c8t6/beginning-STM32-second-edition/libopencm3/lib/libopencm3_stm32f1.a(gpio_common_all.o)
 .debug_info    0x00008e02     0x14d0 /home/hakan/stm32f103c8t6/beginning-STM32-second-edition/libopencm3/lib/libopencm3_stm32f1.a(rcc.o)
 .debug_info    0x0000a2d2      0x60d /home/hakan/stm32f103c8t6/beginning-STM32-second-edition/libopencm3/lib/libopencm3_stm32f1.a(rcc_common_all.o)
 .debug_info    0x0000a8df      0x6d1 /home/hakan/stm32f103c8t6/beginning-STM32-second-edition/libopencm3/lib/libopencm3_stm32f1.a(rtc.o)
 .debug_info    0x0000afb0      0x6b8 /home/hakan/stm32f103c8t6/beginning-STM32-second-edition/libopencm3/lib/libopencm3_stm32f1.a(usart_common_all.o)
 .debug_info    0x0000b668      0x192 /home/hakan/stm32f103c8t6/beginning-STM32-second-edition/libopencm3/lib/libopencm3_stm32f1.a(usart_common_f124.o)
 .debug_info    0x0000b7fa      0x2c4 /home/hakan/stm32f103c8t6/beginning-STM32-second-edition/libopencm3/lib/libopencm3_stm32f1.a(vector.o)
 .debug_info    0x0000babe      0x239 /home/hakan/stm32f103c8t6/beginning-STM32-second-edition/libopencm3/lib/libopencm3_stm32f1.a(nvic.o)
 .debug_info    0x0000bcf7       0xf1 /home/hakan/stm32f103c8t6/beginning-STM32-second-edition/libopencm3/lib/libopencm3_stm32f1.a(flash_common_all.o)
 .debug_info    0x0000bde8      0x1a1 /home/hakan/stm32f103c8t6/beginning-STM32-second-edition/libopencm3/lib/libopencm3_stm32f1.a(pwr_common_v1.o)

.debug_abbrev   0x00000000     0x2df5
 .debug_abbrev  0x00000000      0x453 main.o
 .debug_abbrev  0x00000453      0x243 rtos/heap_4.o
 .debug_abbrev  0x00000696      0x103 rtos/list.o
 .debug_abbrev  0x00000799      0x220 rtos/port.o
 .debug_abbrev  0x000009b9      0x34d rtos/queue.o
 .debug_abbrev  0x00000d06      0x47e rtos/tasks.o
 .debug_abbrev  0x00001184       0x81 rtos/opencm3.o
 .debug_abbrev  0x00001205      0x385 /home/hakan/stm32f103c8t6/beginning-STM32-second-edition//rtos/libwwg/libwwg.a(uartlib.o)
 .debug_abbrev  0x0000158a      0x3a9 /home/hakan/stm32f103c8t6/beginning-STM32-second-edition//rtos/libwwg/libwwg.a(miniprintf.o)
 .debug_abbrev  0x00001933      0x1ca /home/hakan/stm32f103c8t6/beginning-STM32-second-edition//rtos/libwwg/libwwg.a(mcuio.o)
 .debug_abbrev  0x00001afd      0x133 /home/hakan/stm32f103c8t6/beginning-STM32-second-edition//rtos/libwwg/libwwg.a(getline.o)
 .debug_abbrev  0x00001c30      0x3e3 /home/hakan/stm32f103c8t6/beginning-STM32-second-edition//rtos/libwwg/libwwg.a(usbcdc.o)
 .debug_abbrev  0x00002013       0xd3 /home/hakan/stm32f103c8t6/beginning-STM32-second-edition/libopencm3/lib/libopencm3_stm32f1.a(gpio.o)
 .debug_abbrev  0x000020e6      0x115 /home/hakan/stm32f103c8t6/beginning-STM32-second-edition/libopencm3/lib/libopencm3_stm32f1.a(gpio_common_all.o)
 .debug_abbrev  0x000021fb      0x2be /home/hakan/stm32f103c8t6/beginning-STM32-second-edition/libopencm3/lib/libopencm3_stm32f1.a(rcc.o)
 .debug_abbrev  0x000024b9      0x185 /home/hakan/stm32f103c8t6/beginning-STM32-second-edition/libopencm3/lib/libopencm3_stm32f1.a(rcc_common_all.o)
 .debug_abbrev  0x0000263e      0x20e /home/hakan/stm32f103c8t6/beginning-STM32-second-edition/libopencm3/lib/libopencm3_stm32f1.a(rtc.o)
 .debug_abbrev  0x0000284c      0x1bf /home/hakan/stm32f103c8t6/beginning-STM32-second-edition/libopencm3/lib/libopencm3_stm32f1.a(usart_common_all.o)
 .debug_abbrev  0x00002a0b       0xb6 /home/hakan/stm32f103c8t6/beginning-STM32-second-edition/libopencm3/lib/libopencm3_stm32f1.a(usart_common_f124.o)
 .debug_abbrev  0x00002ac1      0x149 /home/hakan/stm32f103c8t6/beginning-STM32-second-edition/libopencm3/lib/libopencm3_stm32f1.a(vector.o)
 .debug_abbrev  0x00002c0a       0xb6 /home/hakan/stm32f103c8t6/beginning-STM32-second-edition/libopencm3/lib/libopencm3_stm32f1.a(nvic.o)
 .debug_abbrev  0x00002cc0       0x96 /home/hakan/stm32f103c8t6/beginning-STM32-second-edition/libopencm3/lib/libopencm3_stm32f1.a(flash_common_all.o)
 .debug_abbrev  0x00002d56       0x9f /home/hakan/stm32f103c8t6/beginning-STM32-second-edition/libopencm3/lib/libopencm3_stm32f1.a(pwr_common_v1.o)

.debug_loclists
                0x00000000     0x3813
 .debug_loclists
                0x00000000       0xf6 main.o
 .debug_loclists
                0x000000f6      0x288 rtos/heap_4.o
 .debug_loclists
                0x0000037e       0x71 rtos/list.o
 .debug_loclists
                0x000003ef       0x7c rtos/port.o
 .debug_loclists
                0x0000046b      0x907 rtos/queue.o
 .debug_loclists
                0x00000d72      0xd97 rtos/tasks.o
 .debug_loclists
                0x00001b09      0x872 /home/hakan/stm32f103c8t6/beginning-STM32-second-edition//rtos/libwwg/libwwg.a(uartlib.o)
 .debug_loclists
                0x0000237b      0x646 /home/hakan/stm32f103c8t6/beginning-STM32-second-edition//rtos/libwwg/libwwg.a(miniprintf.o)
 .debug_loclists
                0x000029c1       0x39 /home/hakan/stm32f103c8t6/beginning-STM32-second-edition//rtos/libwwg/libwwg.a(mcuio.o)
 .debug_loclists
                0x000029fa      0x1c9 /home/hakan/stm32f103c8t6/beginning-STM32-second-edition//rtos/libwwg/libwwg.a(getline.o)
 .debug_loclists
                0x00002bc3      0x300 /home/hakan/stm32f103c8t6/beginning-STM32-second-edition//rtos/libwwg/libwwg.a(usbcdc.o)
 .debug_loclists
                0x00002ec3       0xfd /home/hakan/stm32f103c8t6/beginning-STM32-second-edition/libopencm3/lib/libopencm3_stm32f1.a(gpio.o)
 .debug_loclists
                0x00002fc0       0x7e /home/hakan/stm32f103c8t6/beginning-STM32-second-edition/libopencm3/lib/libopencm3_stm32f1.a(gpio_common_all.o)
 .debug_loclists
                0x0000303e      0x256 /home/hakan/stm32f103c8t6/beginning-STM32-second-edition/libopencm3/lib/libopencm3_stm32f1.a(rcc.o)
 .debug_loclists
                0x00003294       0x68 /home/hakan/stm32f103c8t6/beginning-STM32-second-edition/libopencm3/lib/libopencm3_stm32f1.a(rcc_common_all.o)
 .debug_loclists
                0x000032fc      0x182 /home/hakan/stm32f103c8t6/beginning-STM32-second-edition/libopencm3/lib/libopencm3_stm32f1.a(rtc.o)
 .debug_loclists
                0x0000347e      0x186 /home/hakan/stm32f103c8t6/beginning-STM32-second-edition/libopencm3/lib/libopencm3_stm32f1.a(usart_common_all.o)
 .debug_loclists
                0x00003604       0x67 /home/hakan/stm32f103c8t6/beginning-STM32-second-edition/libopencm3/lib/libopencm3_stm32f1.a(usart_common_f124.o)
 .debug_loclists
                0x0000366b       0xb6 /home/hakan/stm32f103c8t6/beginning-STM32-second-edition/libopencm3/lib/libopencm3_stm32f1.a(vector.o)
 .debug_loclists
                0x00003721       0xdb /home/hakan/stm32f103c8t6/beginning-STM32-second-edition/libopencm3/lib/libopencm3_stm32f1.a(nvic.o)
 .debug_loclists
                0x000037fc       0x17 /home/hakan/stm32f103c8t6/beginning-STM32-second-edition/libopencm3/lib/libopencm3_stm32f1.a(flash_common_all.o)

.debug_aranges  0x00000000      0xbb0
 .debug_aranges
                0x00000000       0x50 main.o
 .debug_aranges
                0x00000050       0x48 rtos/heap_4.o
 .debug_aranges
                0x00000098       0x40 rtos/list.o
 .debug_aranges
                0x000000d8       0x70 rtos/port.o
 .debug_aranges
                0x00000148       0xa8 rtos/queue.o
 .debug_aranges
                0x000001f0      0x158 rtos/tasks.o
 .debug_aranges
                0x00000348       0x30 rtos/opencm3.o
 .debug_aranges
                0x00000378      0x158 /home/hakan/stm32f103c8t6/beginning-STM32-second-edition//rtos/libwwg/libwwg.a(uartlib.o)
 .debug_aranges
                0x000004d0       0x58 /home/hakan/stm32f103c8t6/beginning-STM32-second-edition//rtos/libwwg/libwwg.a(miniprintf.o)
 .debug_aranges
                0x00000528       0x28 /home/hakan/stm32f103c8t6/beginning-STM32-second-edition//rtos/libwwg/libwwg.a(mcuio.o)
 .debug_aranges
                0x00000550       0x20 /home/hakan/stm32f103c8t6/beginning-STM32-second-edition//rtos/libwwg/libwwg.a(getline.o)
 .debug_aranges
                0x00000570       0x98 /home/hakan/stm32f103c8t6/beginning-STM32-second-edition//rtos/libwwg/libwwg.a(usbcdc.o)
 .debug_aranges
                0x00000608       0x38 /home/hakan/stm32f103c8t6/beginning-STM32-second-edition/libopencm3/lib/libopencm3_stm32f1.a(gpio.o)
 .debug_aranges
                0x00000640       0x50 /home/hakan/stm32f103c8t6/beginning-STM32-second-edition/libopencm3/lib/libopencm3_stm32f1.a(gpio_common_all.o)
 .debug_aranges
                0x00000690      0x170 /home/hakan/stm32f103c8t6/beginning-STM32-second-edition/libopencm3/lib/libopencm3_stm32f1.a(rcc.o)
 .debug_aranges
                0x00000800       0x80 /home/hakan/stm32f103c8t6/beginning-STM32-second-edition/libopencm3/lib/libopencm3_stm32f1.a(rcc_common_all.o)
 .debug_aranges
                0x00000880       0xa0 /home/hakan/stm32f103c8t6/beginning-STM32-second-edition/libopencm3/lib/libopencm3_stm32f1.a(rtc.o)
 .debug_aranges
                0x00000920       0xf8 /home/hakan/stm32f103c8t6/beginning-STM32-second-edition/libopencm3/lib/libopencm3_stm32f1.a(usart_common_all.o)
 .debug_aranges
                0x00000a18       0x40 /home/hakan/stm32f103c8t6/beginning-STM32-second-edition/libopencm3/lib/libopencm3_stm32f1.a(usart_common_f124.o)
 .debug_aranges
                0x00000a58       0x30 /home/hakan/stm32f103c8t6/beginning-STM32-second-edition/libopencm3/lib/libopencm3_stm32f1.a(vector.o)
 .debug_aranges
                0x00000a88       0x60 /home/hakan/stm32f103c8t6/beginning-STM32-second-edition/libopencm3/lib/libopencm3_stm32f1.a(nvic.o)
 .debug_aranges
                0x00000ae8       0x38 /home/hakan/stm32f103c8t6/beginning-STM32-second-edition/libopencm3/lib/libopencm3_stm32f1.a(flash_common_all.o)
 .debug_aranges
                0x00000b20       0x90 /home/hakan/stm32f103c8t6/beginning-STM32-second-edition/libopencm3/lib/libopencm3_stm32f1.a(pwr_common_v1.o)

.debug_rnglists
                0x00000000      0xada
 .debug_rnglists
                0x00000000       0x7b main.o
 .debug_rnglists
                0x0000007b       0x32 rtos/heap_4.o
 .debug_rnglists
                0x000000ad       0x2b rtos/list.o
 .debug_rnglists
                0x000000d8       0x5b rtos/port.o
 .debug_rnglists
                0x00000133      0x13a rtos/queue.o
 .debug_rnglists
                0x0000026d      0x1be rtos/tasks.o
 .debug_rnglists
                0x0000042b       0x1f rtos/opencm3.o
 .debug_rnglists
                0x0000044a      0x10a /home/hakan/stm32f103c8t6/beginning-STM32-second-edition//rtos/libwwg/libwwg.a(uartlib.o)
 .debug_rnglists
                0x00000554       0x62 /home/hakan/stm32f103c8t6/beginning-STM32-second-edition//rtos/libwwg/libwwg.a(miniprintf.o)
 .debug_rnglists
                0x000005b6       0x19 /home/hakan/stm32f103c8t6/beginning-STM32-second-edition//rtos/libwwg/libwwg.a(mcuio.o)
 .debug_rnglists
                0x000005cf       0x38 /home/hakan/stm32f103c8t6/beginning-STM32-second-edition//rtos/libwwg/libwwg.a(getline.o)
 .debug_rnglists
                0x00000607       0x7a /home/hakan/stm32f103c8t6/beginning-STM32-second-edition//rtos/libwwg/libwwg.a(usbcdc.o)
 .debug_rnglists
                0x00000681       0x25 /home/hakan/stm32f103c8t6/beginning-STM32-second-edition/libopencm3/lib/libopencm3_stm32f1.a(gpio.o)
 .debug_rnglists
                0x000006a6       0x37 /home/hakan/stm32f103c8t6/beginning-STM32-second-edition/libopencm3/lib/libopencm3_stm32f1.a(gpio_common_all.o)
 .debug_rnglists
                0x000006dd      0x160 /home/hakan/stm32f103c8t6/beginning-STM32-second-edition/libopencm3/lib/libopencm3_stm32f1.a(rcc.o)
 .debug_rnglists
                0x0000083d       0x5b /home/hakan/stm32f103c8t6/beginning-STM32-second-edition/libopencm3/lib/libopencm3_stm32f1.a(rcc_common_all.o)
 .debug_rnglists
                0x00000898       0x73 /home/hakan/stm32f103c8t6/beginning-STM32-second-edition/libopencm3/lib/libopencm3_stm32f1.a(rtc.o)
 .debug_rnglists
                0x0000090b       0xb5 /home/hakan/stm32f103c8t6/beginning-STM32-second-edition/libopencm3/lib/libopencm3_stm32f1.a(usart_common_all.o)
 .debug_rnglists
                0x000009c0       0x2b /home/hakan/stm32f103c8t6/beginning-STM32-second-edition/libopencm3/lib/libopencm3_stm32f1.a(usart_common_f124.o)
 .debug_rnglists
                0x000009eb       0x20 /home/hakan/stm32f103c8t6/beginning-STM32-second-edition/libopencm3/lib/libopencm3_stm32f1.a(vector.o)
 .debug_rnglists
                0x00000a0b       0x43 /home/hakan/stm32f103c8t6/beginning-STM32-second-edition/libopencm3/lib/libopencm3_stm32f1.a(nvic.o)
 .debug_rnglists
                0x00000a4e       0x25 /home/hakan/stm32f103c8t6/beginning-STM32-second-edition/libopencm3/lib/libopencm3_stm32f1.a(flash_common_all.o)
 .debug_rnglists
                0x00000a73       0x67 /home/hakan/stm32f103c8t6/beginning-STM32-second-edition/libopencm3/lib/libopencm3_stm32f1.a(pwr_common_v1.o)

.debug_line     0x00000000     0x858f
 .debug_line    0x00000000      0x708 main.o
 .debug_line    0x00000708      0x451 rtos/heap_4.o
 .debug_line    0x00000b59      0x255 rtos/list.o
 .debug_line    0x00000dae      0x2e6 rtos/port.o
 .debug_line    0x00001094      0xcaf rtos/queue.o
 .debug_line    0x00001d43     0x16d8 rtos/tasks.o
 .debug_line    0x0000341b       0x6b rtos/opencm3.o
 .debug_line    0x00003486      0xac0 /home/hakan/stm32f103c8t6/beginning-STM32-second-edition//rtos/libwwg/libwwg.a(uartlib.o)
 .debug_line    0x00003f46      0x53c /home/hakan/stm32f103c8t6/beginning-STM32-second-edition//rtos/libwwg/libwwg.a(miniprintf.o)
 .debug_line    0x00004482      0x151 /home/hakan/stm32f103c8t6/beginning-STM32-second-edition//rtos/libwwg/libwwg.a(mcuio.o)
 .debug_line    0x000045d3      0x2ee /home/hakan/stm32f103c8t6/beginning-STM32-second-edition//rtos/libwwg/libwwg.a(getline.o)
 .debug_line    0x000048c1      0x6df /home/hakan/stm32f103c8t6/beginning-STM32-second-edition//rtos/libwwg/libwwg.a(usbcdc.o)
 .debug_line    0x00004fa0      0x369 /home/hakan/stm32f103c8t6/beginning-STM32-second-edition/libopencm3/lib/libopencm3_stm32f1.a(gpio.o)
 .debug_line    0x00005309      0x355 /home/hakan/stm32f103c8t6/beginning-STM32-second-edition/libopencm3/lib/libopencm3_stm32f1.a(gpio_common_all.o)
 .debug_line    0x0000565e      0xce6 /home/hakan/stm32f103c8t6/beginning-STM32-second-edition/libopencm3/lib/libopencm3_stm32f1.a(rcc.o)
 .debug_line    0x00006344      0x3fc /home/hakan/stm32f103c8t6/beginning-STM32-second-edition/libopencm3/lib/libopencm3_stm32f1.a(rcc_common_all.o)
 .debug_line    0x00006740      0x6a9 /home/hakan/stm32f103c8t6/beginning-STM32-second-edition/libopencm3/lib/libopencm3_stm32f1.a(rtc.o)
 .debug_line    0x00006de9      0x64e /home/hakan/stm32f103c8t6/beginning-STM32-second-edition/libopencm3/lib/libopencm3_stm32f1.a(usart_common_all.o)
 .debug_line    0x00007437      0x33c /home/hakan/stm32f103c8t6/beginning-STM32-second-edition/libopencm3/lib/libopencm3_stm32f1.a(usart_common_f124.o)
 .debug_line    0x00007773      0x3a7 /home/hakan/stm32f103c8t6/beginning-STM32-second-edition/libopencm3/lib/libopencm3_stm32f1.a(vector.o)
 .debug_line    0x00007b1a      0x37d /home/hakan/stm32f103c8t6/beginning-STM32-second-edition/libopencm3/lib/libopencm3_stm32f1.a(nvic.o)
 .debug_line    0x00007e97      0x306 /home/hakan/stm32f103c8t6/beginning-STM32-second-edition/libopencm3/lib/libopencm3_stm32f1.a(flash_common_all.o)
 .debug_line    0x0000819d      0x3f2 /home/hakan/stm32f103c8t6/beginning-STM32-second-edition/libopencm3/lib/libopencm3_stm32f1.a(pwr_common_v1.o)

.debug_str      0x00000000    0x1200b
 .debug_str     0x00000000      0x908 main.o
                                0xa85 (size before relaxing)
 .debug_str     0x00000908      0x1f2 rtos/heap_4.o
                                0x37f (size before relaxing)
 .debug_str     0x00000afa      0x11e rtos/list.o
                                0x2cf (size before relaxing)
 .debug_str     0x00000c18      0x148 rtos/port.o
                                0x329 (size before relaxing)
 .debug_str     0x00000d60      0x45e rtos/queue.o
                                0x7fe (size before relaxing)
 .debug_str     0x000011be      0x7ad rtos/tasks.o
                                0xd69 (size before relaxing)
 .debug_str     0x0000196b       0x40 rtos/opencm3.o
                                0x1e7 (size before relaxing)
 .debug_str     0x000019ab      0x383 /home/hakan/stm32f103c8t6/beginning-STM32-second-edition//rtos/libwwg/libwwg.a(uartlib.o)
                                0x8a8 (size before relaxing)
 .debug_str     0x00001d2e      0x107 /home/hakan/stm32f103c8t6/beginning-STM32-second-edition//rtos/libwwg/libwwg.a(miniprintf.o)
                                0x2e8 (size before relaxing)
 .debug_str     0x00001e35       0xa4 /home/hakan/stm32f103c8t6/beginning-STM32-second-edition//rtos/libwwg/libwwg.a(mcuio.o)
                                0x3f2 (size before relaxing)
 .debug_str     0x00001ed9       0x1e /home/hakan/stm32f103c8t6/beginning-STM32-second-edition//rtos/libwwg/libwwg.a(getline.o)
                                0x1ab (size before relaxing)
 .debug_str     0x00001ef7      0x6a9 /home/hakan/stm32f103c8t6/beginning-STM32-second-edition//rtos/libwwg/libwwg.a(usbcdc.o)
                                0xd27 (size before relaxing)
 .debug_str     0x000025a0     0x8510 /home/hakan/stm32f103c8t6/beginning-STM32-second-edition/libopencm3/lib/libopencm3_stm32f1.a(gpio.o)
                               0x86bd (size before relaxing)
 .debug_str     0x0000aab0       0x69 /home/hakan/stm32f103c8t6/beginning-STM32-second-edition/libopencm3/lib/libopencm3_stm32f1.a(gpio_common_all.o)
                               0x86b1 (size before relaxing)
 .debug_str     0x0000ab19     0x32f7 /home/hakan/stm32f103c8t6/beginning-STM32-second-edition/libopencm3/lib/libopencm3_stm32f1.a(rcc.o)
                               0x8312 (size before relaxing)
 .debug_str     0x0000de10      0x371 /home/hakan/stm32f103c8t6/beginning-STM32-second-edition/libopencm3/lib/libopencm3_stm32f1.a(rcc_common_all.o)
                               0x7a20 (size before relaxing)
 .debug_str     0x0000e181      0x598 /home/hakan/stm32f103c8t6/beginning-STM32-second-edition/libopencm3/lib/libopencm3_stm32f1.a(rtc.o)
                               0x7d71 (size before relaxing)
 .debug_str     0x0000e719     0x1184 /home/hakan/stm32f103c8t6/beginning-STM32-second-edition/libopencm3/lib/libopencm3_stm32f1.a(usart_common_all.o)
                               0x8684 (size before relaxing)
 .debug_str     0x0000f89d       0x2d /home/hakan/stm32f103c8t6/beginning-STM32-second-edition/libopencm3/lib/libopencm3_stm32f1.a(usart_common_f124.o)
                               0x83d5 (size before relaxing)
 .debug_str     0x0000f8ca     0x2489 /home/hakan/stm32f103c8t6/beginning-STM32-second-edition/libopencm3/lib/libopencm3_stm32f1.a(vector.o)
                               0x66f7 (size before relaxing)
 .debug_str     0x00011d53       0xc4 /home/hakan/stm32f103c8t6/beginning-STM32-second-edition/libopencm3/lib/libopencm3_stm32f1.a(nvic.o)
                               0x5cd9 (size before relaxing)
 .debug_str     0x00011e17       0x64 /home/hakan/stm32f103c8t6/beginning-STM32-second-edition/libopencm3/lib/libopencm3_stm32f1.a(flash_common_all.o)
                               0x55f6 (size before relaxing)
 .debug_str     0x00011e7b      0x190 /home/hakan/stm32f103c8t6/beginning-STM32-second-edition/libopencm3/lib/libopencm3_stm32f1.a(pwr_common_v1.o)
                               0x524b (size before relaxing)

.comment        0x00000000       0x45
 .comment       0x00000000       0x45 main.o
                                 0x46 (size before relaxing)
 .comment       0x00000045       0x46 rtos/heap_4.o
 .comment       0x00000045       0x46 rtos/list.o
 .comment       0x00000045       0x46 rtos/port.o
 .comment       0x00000045       0x46 rtos/queue.o
 .comment       0x00000045       0x46 rtos/tasks.o
 .comment       0x00000045       0x46 rtos/opencm3.o
 .comment       0x00000045       0x46 /home/hakan/stm32f103c8t6/beginning-STM32-second-edition//rtos/libwwg/libwwg.a(uartlib.o)
 .comment       0x00000045       0x46 /home/hakan/stm32f103c8t6/beginning-STM32-second-edition//rtos/libwwg/libwwg.a(miniprintf.o)
 .comment       0x00000045       0x46 /home/hakan/stm32f103c8t6/beginning-STM32-second-edition//rtos/libwwg/libwwg.a(mcuio.o)
 .comment       0x00000045       0x46 /home/hakan/stm32f103c8t6/beginning-STM32-second-edition//rtos/libwwg/libwwg.a(getline.o)
 .comment       0x00000045       0x46 /home/hakan/stm32f103c8t6/beginning-STM32-second-edition//rtos/libwwg/libwwg.a(usbcdc.o)
 .comment       0x00000045       0x46 /home/hakan/stm32f103c8t6/beginning-STM32-second-edition/libopencm3/lib/libopencm3_stm32f1.a(gpio.o)
 .comment       0x00000045       0x46 /home/hakan/stm32f103c8t6/beginning-STM32-second-edition/libopencm3/lib/libopencm3_stm32f1.a(gpio_common_all.o)
 .comment       0x00000045       0x46 /home/hakan/stm32f103c8t6/beginning-STM32-second-edition/libopencm3/lib/libopencm3_stm32f1.a(rcc.o)
 .comment       0x00000045       0x46 /home/hakan/stm32f103c8t6/beginning-STM32-second-edition/libopencm3/lib/libopencm3_stm32f1.a(rcc_common_all.o)
 .comment       0x00000045       0x46 /home/hakan/stm32f103c8t6/beginning-STM32-second-edition/libopencm3/lib/libopencm3_stm32f1.a(rtc.o)
 .comment       0x00000045       0x46 /home/hakan/stm32f103c8t6/beginning-STM32-second-edition/libopencm3/lib/libopencm3_stm32f1.a(usart_common_all.o)
 .comment       0x00000045       0x46 /home/hakan/stm32f103c8t6/beginning-STM32-second-edition/libopencm3/lib/libopencm3_stm32f1.a(usart_common_f124.o)
 .comment       0x00000045       0x46 /home/hakan/stm32f103c8t6/beginning-STM32-second-edition/libopencm3/lib/libopencm3_stm32f1.a(vector.o)
 .comment       0x00000045       0x46 /home/hakan/stm32f103c8t6/beginning-STM32-second-edition/libopencm3/lib/libopencm3_stm32f1.a(nvic.o)
 .comment       0x00000045       0x46 /home/hakan/stm32f103c8t6/beginning-STM32-second-edition/libopencm3/lib/libopencm3_stm32f1.a(flash_common_all.o)
 .comment       0x00000045       0x46 /home/hakan/stm32f103c8t6/beginning-STM32-second-edition/libopencm3/lib/libopencm3_stm32f1.a(pwr_common_v1.o)

.ARM.attributes
                0x00000000       0x2b
 .ARM.attributes
                0x00000000       0x2d main.o
 .ARM.attributes
                0x0000002d       0x2d rtos/heap_4.o
 .ARM.attributes
                0x0000005a       0x2d rtos/list.o
 .ARM.attributes
                0x00000087       0x2d rtos/port.o
 .ARM.attributes
                0x000000b4       0x2d rtos/queue.o
 .ARM.attributes
                0x000000e1       0x2d rtos/tasks.o
 .ARM.attributes
                0x0000010e       0x2d rtos/opencm3.o
 .ARM.attributes
                0x0000013b       0x1b /opt/gcc-arm/bin/../lib/gcc/arm-none-eabi/12.3.1/../../../../arm-none-eabi/lib/thumb/v7-m/nofp/libc.a(libc_a-memcpy.o)
 .ARM.attributes
                0x00000156       0x2d /home/hakan/stm32f103c8t6/beginning-STM32-second-edition//rtos/libwwg/libwwg.a(uartlib.o)
 .ARM.attributes
                0x00000183       0x2d /home/hakan/stm32f103c8t6/beginning-STM32-second-edition//rtos/libwwg/libwwg.a(miniprintf.o)
 .ARM.attributes
                0x000001b0       0x2d /home/hakan/stm32f103c8t6/beginning-STM32-second-edition//rtos/libwwg/libwwg.a(mcuio.o)
 .ARM.attributes
                0x000001dd       0x2d /home/hakan/stm32f103c8t6/beginning-STM32-second-edition//rtos/libwwg/libwwg.a(getline.o)
 .ARM.attributes
                0x0000020a       0x2d /home/hakan/stm32f103c8t6/beginning-STM32-second-edition//rtos/libwwg/libwwg.a(usbcdc.o)
 .ARM.attributes
                0x00000237       0x2d /home/hakan/stm32f103c8t6/beginning-STM32-second-edition/libopencm3/lib/libopencm3_stm32f1.a(gpio.o)
 .ARM.attributes
                0x00000264       0x2d /home/hakan/stm32f103c8t6/beginning-STM32-second-edition/libopencm3/lib/libopencm3_stm32f1.a(gpio_common_all.o)
 .ARM.attributes
                0x00000291       0x2d /home/hakan/stm32f103c8t6/beginning-STM32-second-edition/libopencm3/lib/libopencm3_stm32f1.a(rcc.o)
 .ARM.attributes
                0x000002be       0x2d /home/hakan/stm32f103c8t6/beginning-STM32-second-edition/libopencm3/lib/libopencm3_stm32f1.a(rcc_common_all.o)
 .ARM.attributes
                0x000002eb       0x2d /home/hakan/stm32f103c8t6/beginning-STM32-second-edition/libopencm3/lib/libopencm3_stm32f1.a(rtc.o)
 .ARM.attributes
                0x00000318       0x2d /home/hakan/stm32f103c8t6/beginning-STM32-second-edition/libopencm3/lib/libopencm3_stm32f1.a(usart_common_all.o)
 .ARM.attributes
                0x00000345       0x2d /home/hakan/stm32f103c8t6/beginning-STM32-second-edition/libopencm3/lib/libopencm3_stm32f1.a(usart_common_f124.o)
 .ARM.attributes
                0x00000372       0x2d /home/hakan/stm32f103c8t6/beginning-STM32-second-edition/libopencm3/lib/libopencm3_stm32f1.a(vector.o)
 .ARM.attributes
                0x0000039f       0x2d /home/hakan/stm32f103c8t6/beginning-STM32-second-edition/libopencm3/lib/libopencm3_stm32f1.a(nvic.o)
 .ARM.attributes
                0x000003cc       0x2d /home/hakan/stm32f103c8t6/beginning-STM32-second-edition/libopencm3/lib/libopencm3_stm32f1.a(flash_common_all.o)
 .ARM.attributes
                0x000003f9       0x2d /home/hakan/stm32f103c8t6/beginning-STM32-second-edition/libopencm3/lib/libopencm3_stm32f1.a(pwr_common_v1.o)
 .ARM.attributes
                0x00000426       0x2d /opt/gcc-arm/bin/../lib/gcc/arm-none-eabi/12.3.1/../../../../arm-none-eabi/lib/thumb/v7-m/nofp/libc.a(libc_a-malloc.o)
 .ARM.attributes
                0x00000453       0x2d /opt/gcc-arm/bin/../lib/gcc/arm-none-eabi/12.3.1/../../../../arm-none-eabi/lib/thumb/v7-m/nofp/libc.a(libc_a-mallocr.o)
 .ARM.attributes
                0x00000480       0x2d /opt/gcc-arm/bin/../lib/gcc/arm-none-eabi/12.3.1/../../../../arm-none-eabi/lib/thumb/v7-m/nofp/libc.a(libc_a-memmove.o)
 .ARM.attributes
                0x000004ad       0x2d /opt/gcc-arm/bin/../lib/gcc/arm-none-eabi/12.3.1/../../../../arm-none-eabi/lib/thumb/v7-m/nofp/libc.a(libc_a-sysconf.o)
 .ARM.attributes
                0x000004da       0x2d /opt/gcc-arm/bin/../lib/gcc/arm-none-eabi/12.3.1/../../../../arm-none-eabi/lib/thumb/v7-m/nofp/libc.a(libc_a-mlock.o)
 .ARM.attributes
                0x00000507       0x2d /opt/gcc-arm/bin/../lib/gcc/arm-none-eabi/12.3.1/../../../../arm-none-eabi/lib/thumb/v7-m/nofp/libc.a(libc_a-impure.o)
 .ARM.attributes
                0x00000534       0x2d /opt/gcc-arm/bin/../lib/gcc/arm-none-eabi/12.3.1/../../../../arm-none-eabi/lib/thumb/v7-m/nofp/libc.a(libc_a-findfp.o)
 .ARM.attributes
                0x00000561       0x2d /opt/gcc-arm/bin/../lib/gcc/arm-none-eabi/12.3.1/../../../../arm-none-eabi/lib/thumb/v7-m/nofp/libc.a(libc_a-strlen-stub.o)
 .ARM.attributes
                0x0000058e       0x2d /opt/gcc-arm/bin/../lib/gcc/arm-none-eabi/12.3.1/../../../../arm-none-eabi/lib/thumb/v7-m/nofp/libc.a(libc_a-freer.o)
 .ARM.attributes
                0x000005bb       0x2d /opt/gcc-arm/bin/../lib/gcc/arm-none-eabi/12.3.1/../../../../arm-none-eabi/lib/thumb/v7-m/nofp/libc.a(libc_a-sbrkr.o)
 .ARM.attributes
                0x000005e8       0x2d /opt/gcc-arm/bin/../lib/gcc/arm-none-eabi/12.3.1/../../../../arm-none-eabi/lib/thumb/v7-m/nofp/libc.a(libc_a-errno.o)
 .ARM.attributes
                0x00000615       0x2d /opt/gcc-arm/bin/../lib/gcc/arm-none-eabi/12.3.1/../../../../arm-none-eabi/lib/thumb/v7-m/nofp/libc.a(libc_a-lock.o)
 .ARM.attributes
                0x00000642       0x2d /opt/gcc-arm/bin/../lib/gcc/arm-none-eabi/12.3.1/../../../../arm-none-eabi/lib/thumb/v7-m/nofp/libc.a(libc_a-reent.o)
 .ARM.attributes
                0x0000066f       0x2d /opt/gcc-arm/bin/../lib/gcc/arm-none-eabi/12.3.1/../../../../arm-none-eabi/lib/thumb/v7-m/nofp/libnosys.a(sbrk.o)

.debug_frame    0x00000000     0x1f90
 .debug_frame   0x00000000       0xb4 main.o
 .debug_frame   0x000000b4       0x9c rtos/heap_4.o
 .debug_frame   0x00000150       0x6c rtos/list.o
 .debug_frame   0x000001bc       0xd0 rtos/port.o
 .debug_frame   0x0000028c      0x200 rtos/queue.o
 .debug_frame   0x0000048c      0x450 rtos/tasks.o
 .debug_frame   0x000008dc       0x40 rtos/opencm3.o
 .debug_frame   0x0000091c      0x3a4 /home/hakan/stm32f103c8t6/beginning-STM32-second-edition//rtos/libwwg/libwwg.a(uartlib.o)
 .debug_frame   0x00000cc0      0x110 /home/hakan/stm32f103c8t6/beginning-STM32-second-edition//rtos/libwwg/libwwg.a(miniprintf.o)
 .debug_frame   0x00000dd0       0x6c /home/hakan/stm32f103c8t6/beginning-STM32-second-edition//rtos/libwwg/libwwg.a(mcuio.o)
 .debug_frame   0x00000e3c       0x3c /home/hakan/stm32f103c8t6/beginning-STM32-second-edition//rtos/libwwg/libwwg.a(getline.o)
 .debug_frame   0x00000e78      0x1b4 /home/hakan/stm32f103c8t6/beginning-STM32-second-edition//rtos/libwwg/libwwg.a(usbcdc.o)
 .debug_frame   0x0000102c       0x64 /home/hakan/stm32f103c8t6/beginning-STM32-second-edition/libopencm3/lib/libopencm3_stm32f1.a(gpio.o)
 .debug_frame   0x00001090       0x80 /home/hakan/stm32f103c8t6/beginning-STM32-second-edition/libopencm3/lib/libopencm3_stm32f1.a(gpio_common_all.o)
 .debug_frame   0x00001110      0x318 /home/hakan/stm32f103c8t6/beginning-STM32-second-edition/libopencm3/lib/libopencm3_stm32f1.a(rcc.o)
 .debug_frame   0x00001428       0xe0 /home/hakan/stm32f103c8t6/beginning-STM32-second-edition/libopencm3/lib/libopencm3_stm32f1.a(rcc_common_all.o)
 .debug_frame   0x00001508      0x1ac /home/hakan/stm32f103c8t6/beginning-STM32-second-edition/libopencm3/lib/libopencm3_stm32f1.a(rtc.o)
 .debug_frame   0x000016b4      0x204 /home/hakan/stm32f103c8t6/beginning-STM32-second-edition/libopencm3/lib/libopencm3_stm32f1.a(usart_common_all.o)
 .debug_frame   0x000018b8       0x60 /home/hakan/stm32f103c8t6/beginning-STM32-second-edition/libopencm3/lib/libopencm3_stm32f1.a(usart_common_f124.o)
 .debug_frame   0x00001918       0x4c /home/hakan/stm32f103c8t6/beginning-STM32-second-edition/libopencm3/lib/libopencm3_stm32f1.a(vector.o)
 .debug_frame   0x00001964       0xa0 /home/hakan/stm32f103c8t6/beginning-STM32-second-edition/libopencm3/lib/libopencm3_stm32f1.a(nvic.o)
 .debug_frame   0x00001a04       0x50 /home/hakan/stm32f103c8t6/beginning-STM32-second-edition/libopencm3/lib/libopencm3_stm32f1.a(flash_common_all.o)
 .debug_frame   0x00001a54      0x100 /home/hakan/stm32f103c8t6/beginning-STM32-second-edition/libopencm3/lib/libopencm3_stm32f1.a(pwr_common_v1.o)
 .debug_frame   0x00001b54       0x30 /opt/gcc-arm/bin/../lib/gcc/arm-none-eabi/12.3.1/../../../../arm-none-eabi/lib/thumb/v7-m/nofp/libc.a(libc_a-malloc.o)
 .debug_frame   0x00001b84       0x48 /opt/gcc-arm/bin/../lib/gcc/arm-none-eabi/12.3.1/../../../../arm-none-eabi/lib/thumb/v7-m/nofp/libc.a(libc_a-mallocr.o)
 .debug_frame   0x00001bcc       0x40 /opt/gcc-arm/bin/../lib/gcc/arm-none-eabi/12.3.1/../../../../arm-none-eabi/lib/thumb/v7-m/nofp/libc.a(libc_a-memmove.o)
 .debug_frame   0x00001c0c       0x28 /opt/gcc-arm/bin/../lib/gcc/arm-none-eabi/12.3.1/../../../../arm-none-eabi/lib/thumb/v7-m/nofp/libc.a(libc_a-sysconf.o)
 .debug_frame   0x00001c34       0x30 /opt/gcc-arm/bin/../lib/gcc/arm-none-eabi/12.3.1/../../../../arm-none-eabi/lib/thumb/v7-m/nofp/libc.a(libc_a-mlock.o)
 .debug_frame   0x00001c64      0x13c /opt/gcc-arm/bin/../lib/gcc/arm-none-eabi/12.3.1/../../../../arm-none-eabi/lib/thumb/v7-m/nofp/libc.a(libc_a-findfp.o)
 .debug_frame   0x00001da0       0x20 /opt/gcc-arm/bin/../lib/gcc/arm-none-eabi/12.3.1/../../../../arm-none-eabi/lib/thumb/v7-m/nofp/libc.a(libc_a-strlen-stub.o)
 .debug_frame   0x00001dc0       0x78 /opt/gcc-arm/bin/../lib/gcc/arm-none-eabi/12.3.1/../../../../arm-none-eabi/lib/thumb/v7-m/nofp/libc.a(libc_a-freer.o)
 .debug_frame   0x00001e38       0x2c /opt/gcc-arm/bin/../lib/gcc/arm-none-eabi/12.3.1/../../../../arm-none-eabi/lib/thumb/v7-m/nofp/libc.a(libc_a-sbrkr.o)
 .debug_frame   0x00001e64       0x20 /opt/gcc-arm/bin/../lib/gcc/arm-none-eabi/12.3.1/../../../../arm-none-eabi/lib/thumb/v7-m/nofp/libc.a(libc_a-errno.o)
 .debug_frame   0x00001e84       0xb0 /opt/gcc-arm/bin/../lib/gcc/arm-none-eabi/12.3.1/../../../../arm-none-eabi/lib/thumb/v7-m/nofp/libc.a(libc_a-lock.o)
 .debug_frame   0x00001f34       0x3c /opt/gcc-arm/bin/../lib/gcc/arm-none-eabi/12.3.1/../../../../arm-none-eabi/lib/thumb/v7-m/nofp/libc.a(libc_a-reent.o)
 .debug_frame   0x00001f70       0x20 /opt/gcc-arm/bin/../lib/gcc/arm-none-eabi/12.3.1/../../../../arm-none-eabi/lib/thumb/v7-m/nofp/libnosys.a(sbrk.o)

.debug_line_str
                0x00000000       0xd8
 .debug_line_str
                0x00000000       0xd8 /opt/gcc-arm/bin/../lib/gcc/arm-none-eabi/12.3.1/../../../../arm-none-eabi/lib/thumb/v7-m/nofp/libc.a(libc_a-memcpy.o)

.debug_macro    0x00000000     0x4183
 .debug_macro   0x00000000       0xb8 /home/hakan/stm32f103c8t6/beginning-STM32-second-edition/libopencm3/lib/libopencm3_stm32f1.a(gpio.o)
 .debug_macro   0x000000b8      0xa9c /home/hakan/stm32f103c8t6/beginning-STM32-second-edition/libopencm3/lib/libopencm3_stm32f1.a(gpio.o)
 .debug_macro   0x00000b54       0x1c /home/hakan/stm32f103c8t6/beginning-STM32-second-edition/libopencm3/lib/libopencm3_stm32f1.a(gpio.o)
 .debug_macro   0x00000b70       0x22 /home/hakan/stm32f103c8t6/beginning-STM32-second-edition/libopencm3/lib/libopencm3_stm32f1.a(gpio.o)
 .debug_macro   0x00000b92       0x56 /home/hakan/stm32f103c8t6/beginning-STM32-second-edition/libopencm3/lib/libopencm3_stm32f1.a(gpio.o)
 .debug_macro   0x00000be8       0x51 /home/hakan/stm32f103c8t6/beginning-STM32-second-edition/libopencm3/lib/libopencm3_stm32f1.a(gpio.o)
 .debug_macro   0x00000c39      0x103 /home/hakan/stm32f103c8t6/beginning-STM32-second-edition/libopencm3/lib/libopencm3_stm32f1.a(gpio.o)
 .debug_macro   0x00000d3c       0x6a /home/hakan/stm32f103c8t6/beginning-STM32-second-edition/libopencm3/lib/libopencm3_stm32f1.a(gpio.o)
 .debug_macro   0x00000da6      0x1df /home/hakan/stm32f103c8t6/beginning-STM32-second-edition/libopencm3/lib/libopencm3_stm32f1.a(gpio.o)
 .debug_macro   0x00000f85       0x22 /home/hakan/stm32f103c8t6/beginning-STM32-second-edition/libopencm3/lib/libopencm3_stm32f1.a(gpio.o)
 .debug_macro   0x00000fa7       0xe8 /home/hakan/stm32f103c8t6/beginning-STM32-second-edition/libopencm3/lib/libopencm3_stm32f1.a(gpio.o)
 .debug_macro   0x0000108f       0x76 /home/hakan/stm32f103c8t6/beginning-STM32-second-edition/libopencm3/lib/libopencm3_stm32f1.a(gpio.o)
 .debug_macro   0x00001105      0x1b4 /home/hakan/stm32f103c8t6/beginning-STM32-second-edition/libopencm3/lib/libopencm3_stm32f1.a(gpio.o)
 .debug_macro   0x000012b9       0x76 /home/hakan/stm32f103c8t6/beginning-STM32-second-edition/libopencm3/lib/libopencm3_stm32f1.a(gpio.o)
 .debug_macro   0x0000132f      0xe2e /home/hakan/stm32f103c8t6/beginning-STM32-second-edition/libopencm3/lib/libopencm3_stm32f1.a(gpio.o)
 .debug_macro   0x0000215d       0xb8 /home/hakan/stm32f103c8t6/beginning-STM32-second-edition/libopencm3/lib/libopencm3_stm32f1.a(gpio_common_all.o)
 .debug_macro   0x00002215       0xe7 /home/hakan/stm32f103c8t6/beginning-STM32-second-edition/libopencm3/lib/libopencm3_stm32f1.a(rcc.o)
 .debug_macro   0x000022fc       0x16 /home/hakan/stm32f103c8t6/beginning-STM32-second-edition/libopencm3/lib/libopencm3_stm32f1.a(rcc.o)
 .debug_macro   0x00002312      0x8c6 /home/hakan/stm32f103c8t6/beginning-STM32-second-edition/libopencm3/lib/libopencm3_stm32f1.a(rcc.o)
 .debug_macro   0x00002bd8       0xee /home/hakan/stm32f103c8t6/beginning-STM32-second-edition/libopencm3/lib/libopencm3_stm32f1.a(rcc.o)
 .debug_macro   0x00002cc6       0x82 /home/hakan/stm32f103c8t6/beginning-STM32-second-edition/libopencm3/lib/libopencm3_stm32f1.a(rcc.o)
 .debug_macro   0x00002d48       0xce /home/hakan/stm32f103c8t6/beginning-STM32-second-edition/libopencm3/lib/libopencm3_stm32f1.a(rcc_common_all.o)
 .debug_macro   0x00002e16       0xe6 /home/hakan/stm32f103c8t6/beginning-STM32-second-edition/libopencm3/lib/libopencm3_stm32f1.a(rtc.o)
 .debug_macro   0x00002efc       0x8e /home/hakan/stm32f103c8t6/beginning-STM32-second-edition/libopencm3/lib/libopencm3_stm32f1.a(rtc.o)
 .debug_macro   0x00002f8a       0x76 /home/hakan/stm32f103c8t6/beginning-STM32-second-edition/libopencm3/lib/libopencm3_stm32f1.a(rtc.o)
 .debug_macro   0x00003000       0xda /home/hakan/stm32f103c8t6/beginning-STM32-second-edition/libopencm3/lib/libopencm3_stm32f1.a(usart_common_all.o)
 .debug_macro   0x000030da       0x94 /home/hakan/stm32f103c8t6/beginning-STM32-second-edition/libopencm3/lib/libopencm3_stm32f1.a(usart_common_all.o)
 .debug_macro   0x0000316e      0x29e /home/hakan/stm32f103c8t6/beginning-STM32-second-edition/libopencm3/lib/libopencm3_stm32f1.a(usart_common_all.o)
 .debug_macro   0x0000340c       0xda /home/hakan/stm32f103c8t6/beginning-STM32-second-edition/libopencm3/lib/libopencm3_stm32f1.a(usart_common_f124.o)
 .debug_macro   0x000034e6       0xcf /home/hakan/stm32f103c8t6/beginning-STM32-second-edition/libopencm3/lib/libopencm3_stm32f1.a(vector.o)
 .debug_macro   0x000035b5      0x395 /home/hakan/stm32f103c8t6/beginning-STM32-second-edition/libopencm3/lib/libopencm3_stm32f1.a(vector.o)
 .debug_macro   0x0000394a       0x6e /home/hakan/stm32f103c8t6/beginning-STM32-second-edition/libopencm3/lib/libopencm3_stm32f1.a(vector.o)
 .debug_macro   0x000039b8      0x1a2 /home/hakan/stm32f103c8t6/beginning-STM32-second-edition/libopencm3/lib/libopencm3_stm32f1.a(vector.o)
 .debug_macro   0x00003b5a       0xb3 /home/hakan/stm32f103c8t6/beginning-STM32-second-edition/libopencm3/lib/libopencm3_stm32f1.a(nvic.o)
 .debug_macro   0x00003c0d       0x68 /home/hakan/stm32f103c8t6/beginning-STM32-second-edition/libopencm3/lib/libopencm3_stm32f1.a(nvic.o)
 .debug_macro   0x00003c75      0x39b /home/hakan/stm32f103c8t6/beginning-STM32-second-edition/libopencm3/lib/libopencm3_stm32f1.a(nvic.o)
 .debug_macro   0x00004010       0xc0 /home/hakan/stm32f103c8t6/beginning-STM32-second-edition/libopencm3/lib/libopencm3_stm32f1.a(flash_common_all.o)
 .debug_macro   0x000040d0       0xb3 /home/hakan/stm32f103c8t6/beginning-STM32-second-edition/libopencm3/lib/libopencm3_stm32f1.a(pwr_common_v1.o)
